Component: ARM Compiler 5.06 update 5 (build 528) Tool: armlink [4d35e2]

==============================================================================

Section Cross References

    main.o(i.Hardware_Init) refers to misc.o(i.NVIC_PriorityGroupConfig) for NVIC_PriorityGroupConfig
    main.o(i.Hardware_Init) refers to oled.o(i.GB16_NUM) for GB16_NUM
    main.o(i.Hardware_Init) refers to delay.o(i.delay_init) for delay_init
    main.o(i.Hardware_Init) refers to timer.o(i.GENERAL_TIM_Init) for GENERAL_TIM_Init
    main.o(i.Hardware_Init) refers to usart.o(i.Usart1_Init) for Usart1_Init
    main.o(i.Hardware_Init) refers to usart2.o(i.Usart2_Init) for Usart2_Init
    main.o(i.Hardware_Init) refers to usart3.o(i.Usart3_Init) for Usart3_Init
    main.o(i.Hardware_Init) refers to led.o(i.System_PB34_setIO) for System_PB34_setIO
    main.o(i.Hardware_Init) refers to led.o(i.LED_Init) for LED_Init
    main.o(i.Hardware_Init) refers to key.o(i.Key_GPIO_Config) for Key_GPIO_Config
    main.o(i.Hardware_Init) refers to ds1302.o(i.DS1302_Init) for DS1302_Init
    main.o(i.Hardware_Init) refers to sg90.o(i.TIM3_PWM_Init) for TIM3_PWM_Init
    main.o(i.Hardware_Init) refers to dht11.o(i.DHT11_GPIO_Config) for DHT11_GPIO_Config
    main.o(i.Hardware_Init) refers to oled.o(i.OLED_Init) for OLED_Init
    main.o(i.Hardware_Init) refers to oled.o(i.OLED_ColorTurn) for OLED_ColorTurn
    main.o(i.Hardware_Init) refers to oled.o(i.OLED_DisplayTurn) for OLED_DisplayTurn
    main.o(i.Hardware_Init) refers to mlx90614.o(i.SMBus_Init) for SMBus_Init
    main.o(i.Hardware_Init) refers to printfa.o(i.__0sprintf) for __2sprintf
    main.o(i.Hardware_Init) refers to oled.o(i.OLED_ShowCH) for OLED_ShowCH
    main.o(i.Hardware_Init) refers to max30102.o(i.max30102_init) for max30102_init
    main.o(i.Hardware_Init) refers to max30102.o(i.max30102_FIFO_ReadBytes) for max30102_FIFO_ReadBytes
    main.o(i.Hardware_Init) refers to algorithm.o(i.maxim_heart_rate_and_oxygen_saturation) for maxim_heart_rate_and_oxygen_saturation
    main.o(i.Hardware_Init) refers to delay.o(i.delay_ms) for delay_ms
    main.o(i.Hardware_Init) refers to git.o(i.Reset_Threshole_Value) for Reset_Threshole_Value
    main.o(i.Hardware_Init) refers to oled.o(i.OLED_Clear) for OLED_Clear
    main.o(i.Hardware_Init) refers to oled.o(.data) for HZ
    main.o(i.Hardware_Init) refers to main.o(.bss) for str
    main.o(i.Hardware_Init) refers to main.o(.data) for un_min
    main.o(i.Hardware_Init) refers to git.o(.bss) for device_state_init
    main.o(i.Hardware_Init) refers to git.o(.data) for threshold_value_init
    main.o(i.Heart_num) refers to max30102.o(i.max30102_FIFO_ReadBytes) for max30102_FIFO_ReadBytes
    main.o(i.Heart_num) refers to ffltui.o(.text) for __aeabi_ui2f
    main.o(i.Heart_num) refers to fdiv.o(.text) for __aeabi_fdiv
    main.o(i.Heart_num) refers to fmul.o(.text) for __aeabi_fmul
    main.o(i.Heart_num) refers to ffixi.o(.text) for __aeabi_f2iz
    main.o(i.Heart_num) refers to algorithm.o(i.maxim_heart_rate_and_oxygen_saturation) for maxim_heart_rate_and_oxygen_saturation
    main.o(i.Heart_num) refers to dflti.o(.text) for __aeabi_i2d
    main.o(i.Heart_num) refers to dmul.o(.text) for __aeabi_dmul
    main.o(i.Heart_num) refers to dfixi.o(.text) for __aeabi_d2iz
    main.o(i.Heart_num) refers to main.o(.data) for i
    main.o(i.Heart_num) refers to main.o(.bss) for aun_red_buffer
    main.o(i.Heart_num) refers to git.o(.bss) for device_state_init
    main.o(i.Net_Init) refers to oled.o(i.OLED_Clear) for OLED_Clear
    main.o(i.Net_Init) refers to printfa.o(i.__0sprintf) for __2sprintf
    main.o(i.Net_Init) refers to oled.o(i.OLED_ShowCH) for OLED_ShowCH
    main.o(i.Net_Init) refers to usart3.o(i.ESP8266_Init) for ESP8266_Init
    main.o(i.Net_Init) refers to delay.o(i.delay_ms) for delay_ms
    main.o(i.Net_Init) refers to net.o(i.DevLink) for DevLink
    main.o(i.Net_Init) refers to net.o(i.Subscribe) for Subscribe
    main.o(i.Net_Init) refers to main.o(.data) for topics
    main.o(i.Net_Init) refers to net.o(.data) for Connect_Net
    main.o(i.SoftWare_Init) refers to task.o(i.timer_init) for timer_init
    main.o(i.SoftWare_Init) refers to task.o(i.timer_start) for timer_start
    main.o(i.SoftWare_Init) refers to main.o(i.task1) for task1
    main.o(i.SoftWare_Init) refers to main.o(.bss) for task1_id
    main.o(i.SoftWare_Init) refers to main.o(i.task2) for task2
    main.o(i.SoftWare_Init) refers to main.o(i.task3) for task3
    main.o(i.main) refers to main.o(i.SoftWare_Init) for SoftWare_Init
    main.o(i.main) refers to main.o(i.Hardware_Init) for Hardware_Init
    main.o(i.main) refers to main.o(i.Net_Init) for Net_Init
    main.o(i.main) refers to stm32f10x_tim.o(i.TIM_Cmd) for TIM_Cmd
    main.o(i.main) refers to task.o(i.timer_loop) for timer_loop
    main.o(i.main) refers to usart3.o(i.ESP8266_GetIPD) for ESP8266_GetIPD
[...]
    _printf_fp_hex                           0x00000000   Number         0  stubs.o ABSOLUTE
    _printf_g                                0x00000000   Number         0  stubs.o ABSOLUTE
    _printf_i                                0x00000000   Number         0  stubs.o ABSOLUTE
    _printf_int_dec                          0x00000000   Number         0  stubs.o ABSOLUTE
    _printf_l                                0x00000000   Number         0  stubs.o ABSOLUTE
    _printf_lc                               0x00000000   Number         0  stubs.o ABSOLUTE
    _printf_ll                               0x00000000   Number         0  stubs.o ABSOLUTE
    _printf_lld                              0x00000000   Number         0  stubs.o ABSOLUTE
    _printf_lli                              0x00000000   Number         0  stubs.o ABSOLUTE
    _printf_llo                              0x00000000   Number         0  stubs.o ABSOLUTE
    _printf_llu                              0x00000000   Number         0  stubs.o ABSOLUTE
    _printf_llx                              0x00000000   Number         0  stubs.o ABSOLUTE
    _printf_longlong_dec                     0x00000000   Number         0  stubs.o ABSOLUTE
    _printf_longlong_hex                     0x00000000   Number         0  stubs.o ABSOLUTE
    _printf_longlong_oct                     0x00000000   Number         0  stubs.o ABSOLUTE
    _printf_ls                               0x00000000   Number         0  stubs.o ABSOLUTE
    _printf_mbtowc                           0x00000000   Number         0  stubs.o ABSOLUTE
    _printf_n                                0x00000000   Number         0  stubs.o ABSOLUTE
    _printf_o                                0x00000000   Number         0  stubs.o ABSOLUTE
    _printf_p                                0x00000000   Number         0  stubs.o ABSOLUTE
    _printf_percent                          0x00000000   Number         0  stubs.o ABSOLUTE
    _printf_pre_padding                      0x00000000   Number         0  stubs.o ABSOLUTE
    _printf_return_value                     0x00000000   Number         0  stubs.o ABSOLUTE
    _printf_s                                0x00000000   Number         0  stubs.o ABSOLUTE
    _printf_sizespec                         0x00000000   Number         0  stubs.o ABSOLUTE
    _printf_str                              0x00000000   Number         0  stubs.o ABSOLUTE
    _printf_truncate_signed                  0x00000000   Number         0  stubs.o ABSOLUTE
    _printf_truncate_unsigned                0x00000000   Number         0  stubs.o ABSOLUTE
    _printf_u                                0x00000000   Number         0  stubs.o ABSOLUTE
    _printf_wc                               0x00000000   Number         0  stubs.o ABSOLUTE
    _printf_wctomb                           0x00000000   Number         0  stubs.o ABSOLUTE
    _printf_widthprec                        0x00000000   Number         0  stubs.o ABSOLUTE
    _printf_x                                0x00000000   Number         0  stubs.o ABSOLUTE
    __cpp_initialize__aeabi_                  - Undefined Weak Reference
    __cxa_finalize                            - Undefined Weak Reference
    _clock_init                               - Undefined Weak Reference
    _microlib_exit                            - Undefined Weak Reference
    _scanf_int                                - Undefined Weak Reference
    _scanf_longlong                           - Undefined Weak Reference
    _scanf_string                             - Undefined Weak Reference
    __Vectors_Size                           0x00000130   Number         0  startup_stm32f10x_hd.o ABSOLUTE
    __Vectors                                0x08000000   Data           4  startup_stm32f10x_hd.o(RESET)
    __Vectors_End                            0x08000130   Data           0  startup_stm32f10x_hd.o(RESET)
    __main                                   0x08000131   Thumb Code     0  entry.o(.ARM.Collect$$$$00000000)
    _main_stk                                0x08000131   Thumb Code     0  entry2.o(.ARM.Collect$$$$00000001)
    _main_scatterload                        0x08000135   Thumb Code     0  entry5.o(.ARM.Collect$$$$00000004)
    __main_after_scatterload                 0x08000139   Thumb Code     0  entry5.o(.ARM.Collect$$$$00000004)
    _main_clock                              0x08000139   Thumb Code     0  entry7b.o(.ARM.Collect$$$$00000008)
    _main_cpp_init                           0x08000139   Thumb Code     0  entry8b.o(.ARM.Collect$$$$0000000A)
    _main_init                               0x08000139   Thumb Code     0  entry9a.o(.ARM.Collect$$$$0000000B)
    __rt_final_cpp                           0x08000141   Thumb Code     0  entry10a.o(.ARM.Collect$$$$0000000D)
    __rt_final_exit                          0x08000141   Thumb Code     0  entry11a.o(.ARM.Collect$$$$0000000F)
    Reset_Handler                            0x08000145   Thumb Code     8  startup_stm32f10x_hd.o(.text)
    ADC1_2_IRQHandler                        0x0800015f   Thumb Code     0  startup_stm32f10x_hd.o(.text)
    ADC3_IRQHandler                          0x0800015f   Thumb Code     0  startup_stm32f10x_hd.o(.text)
    CAN1_RX1_IRQHandler                      0x0800015f   Thumb Code     0  startup_stm32f10x_hd.o(.text)
    CAN1_SCE_IRQHandler                      0x0800015f   Thumb Code     0  startup_stm32f10x_hd.o(.text)
    DMA1_Channel1_IRQHandler                 0x0800015f   Thumb Code     0  startup_stm32f10x_hd.o(.text)
    DMA1_Channel2_IRQHandler                 0x0800015f   Thumb Code     0  startup_stm32f10x_hd.o(.text)
    DMA1_Channel3_IRQHandler                 0x0800015f   Thumb Code     0  startup_stm32f10x_hd.o(.text)
    DMA1_Channel4_IRQHandler                 0x0800015f   Thumb Code     0  startup_stm32f10x_hd.o(.text)
    DMA1_Channel5_IRQHandler                 0x0800015f   Thumb Code     0  startup_stm32f10x_hd.o(.text)
    DMA1_Channel6_IRQHandler                 0x0800015f   Thumb Code     0  startup_stm32f10x_hd.o(.text)
    DMA1_Channel7_IRQHandler                 0x0800015f   Thumb Code     0  startup_stm32f10x_hd.o(.text)
    DMA2_Channel1_IRQHandler                 0x0800015f   Thumb Code     0  startup_stm32f10x_hd.o(.text)
    DMA2_Channel2_IRQHandler                 0x0800015f   Thumb Code     0  startup_stm32f10x_hd.o(.text)
    DMA2_Channel3_IRQHandler                 0x0800015f   Thumb Code     0  startup_stm32f10x_hd.o(.text)
    DMA2_Channel4_5_IRQHandler               0x0800015f   Thumb Code     0  startup_stm32f10x_hd.o(.text)
    EXTI0_IRQHandler                         0x0800015f   Thumb Code     0  startup_stm32f10x_hd.o(.text)
    EXTI15_10_IRQHandler                     0x0800015f   Thumb Code     0  startup_stm32f10x_hd.o(.text)
    EXTI1_IRQHandler                         0x0800015f   Thumb Code     0  startup_stm32f10x_hd.o(.text)
    EXTI2_IRQHandler                         0x0800015f   Thumb Code     0  startup_stm32f10x_hd.o(.text)
    EXTI3_IRQHandler                         0x0800015f   Thumb Code     0  startup_stm32f10x_hd.o(.text)
    EXTI4_IRQHandler                         0x0800015f   Thumb Code     0  startup_stm32f10x_hd.o(.text)
    EXTI9_5_IRQHandler                       0x0800015f   Thumb Code     0  startup_stm32f10x_hd.o(.text)
    FLASH_IRQHandler                         0x0800015f   Thumb Code     0  startup_stm32f10x_hd.o(.text)
    FSMC_IRQHandler                          0x0800015f   Thumb Code     0  startup_stm32f10x_hd.o(.text)
    I2C1_ER_IRQHandler                       0x0800015f   Thumb Code     0  startup_stm32f10x_hd.o(.text)
    I2C1_EV_IRQHandler                       0x0800015f   Thumb Code     0  startup_stm32f10x_hd.o(.text)
    I2C2_ER_IRQHandler                       0x0800015f   Thumb Code     0  startup_stm32f10x_hd.o(.text)
    I2C2_EV_IRQHandler                       0x0800015f   Thumb Code     0  startup_stm32f10x_hd.o(.text)
    PVD_IRQHandler                           0x0800015f   Thumb Code     0  startup_stm32f10x_hd.o(.text)
    RCC_IRQHandler                           0x0800015f   Thumb Code     0  startup_stm32f10x_hd.o(.text)
    RTCAlarm_IRQHandler                      0x0800015f   Thumb Code     0  startup_stm32f10x_hd.o(.text)
    RTC_IRQHandler                           0x0800015f   Thumb Code     0  startup_stm32f10x_hd.o(.text)
    SDIO_IRQHandler                          0x0800015f   Thumb Code     0  startup_stm32f10x_hd.o(.text)
    SPI1_IRQHandler                          0x0800015f   Thumb Code     0  startup_stm32f10x_hd.o(.text)
    SPI2_IRQHandler                          0x0800015f   Thumb Code     0  startup_stm32f10x_hd.o(.text)
    SPI3_IRQHandler                          0x0800015f   Thumb Code     0  startup_stm32f10x_hd.o(.text)
    TAMPER_IRQHandler                        0x0800015f   Thumb Code     0  startup_stm32f10x_hd.o(.text)
    TIM1_BRK_IRQHandler                      0x0800015f   Thumb Code     0  startup_stm32f10x_hd.o(.text)
    TIM1_CC_IRQHandler                       0x0800015f   Thumb Code     0  startup_stm32f10x_hd.o(.text)
    TIM1_TRG_COM_IRQHandler                  0x0800015f   Thumb Code     0  startup_stm32f10x_hd.o(.text)
    TIM1_UP_IRQHandler                       0x0800015f   Thumb Code     0  startup_stm32f10x_hd.o(.text)
    TIM2_IRQHandler                          0x0800015f   Thumb Code     0  startup_stm32f10x_hd.o(.text)
    TIM3_IRQHandler                          0x0800015f   Thumb Code     0  startup_stm32f10x_hd.o(.text)
    TIM5_IRQHandler                          0x0800015f   Thumb Code     0  startup_stm32f10x_hd.o(.text)
    TIM6_IRQHandler                          0x0800015f   Thumb Code     0  startup_stm32f10x_hd.o(.text)
    TIM7_IRQHandler                          0x0800015f   Thumb Code     0  startup_stm32f10x_hd.o(.text)
    TIM8_BRK_IRQHandler                      0x0800015f   Thumb Code     0  startup_stm32f10x_hd.o(.text)
    TIM8_CC_IRQHandler                       0x0800015f   Thumb Code     0  startup_stm32f10x_hd.o(.text)
    TIM8_TRG_COM_IRQHandler                  0x0800015f   Thumb Code     0  startup_stm32f10x_hd.o(.text)
    TIM8_UP_IRQHandler                       0x0800015f   Thumb Code     0  startup_stm32f10x_hd.o(.text)
    UART4_IRQHandler                         0x0800015f   Thumb Code     0  startup_stm32f10x_hd.o(.text)
    UART5_IRQHandler                         0x0800015f   Thumb Code     0  startup_stm32f10x_hd.o(.text)
    USBWakeUp_IRQHandler                     0x0800015f   Thumb Code     0  startup_stm32f10x_hd.o(.text)
    USB_HP_CAN1_TX_IRQHandler                0x0800015f   Thumb Code     0  startup_stm32f10x_hd.o(.text)
    USB_LP_CAN1_RX0_IRQHandler               0x0800015f   Thumb Code     0  startup_stm32f10x_hd.o(.text)
    WWDG_IRQHandler                          0x0800015f   Thumb Code     0  startup_stm32f10x_hd.o(.text)
    tolower                                  0x08000169   Thumb Code    12  tolower.o(.text)
    __aeabi_memcpy                           0x08000175   Thumb Code    36  memcpya.o(.text)
    __aeabi_memcpy4                          0x08000175   Thumb Code     0  memcpya.o(.text)
    __aeabi_memcpy8                          0x08000175   Thumb Code     0  memcpya.o(.text)
    __aeabi_memset                           0x08000199   Thumb Code    14  memseta.o(.text)
    __aeabi_memset4                          0x08000199   Thumb Code     0  memseta.o(.text)
    __aeabi_memset8                          0x08000199   Thumb Code     0  memseta.o(.text)
    __aeabi_memclr                           0x080001a7   Thumb Code     4  memseta.o(.text)
    __aeabi_memclr4                          0x080001a7   Thumb Code     0  memseta.o(.text)
    __aeabi_memclr8                          0x080001a7   Thumb Code     0  memseta.o(.text)
    _memset$wrapper                          0x080001ab   Thumb Code    18  memseta.o(.text)
    strcat                                   0x080001bd   Thumb Code    24  strcat.o(.text)
    strstr                                   0x080001d5   Thumb Code    36  strstr.o(.text)
    strchr                                   0x080001f9   Thumb Code    20  strchr.o(.text)
    strlen                                   0x0800020d   Thumb Code    14  strlen.o(.text)
    strcmp                                   0x0800021b   Thumb Code    28  strcmp.o(.text)
    strncat                                  0x08000237   Thumb Code    40  strncat.o(.text)
    strncmp                                  0x0800025f   Thumb Code    30  strncmp.o(.text)
    _scanf_real                              0x080003a5   Thumb Code     0  scanf_fp.o(.text)
    _scanf_really_real                       0x080003a5   Thumb Code   556  scanf_fp.o(.text)
    atoi                                     0x080005dd   Thumb Code    26  atoi.o(.text)
    __aeabi_fadd                             0x080005f7   Thumb Code   164  fadd.o(.text)
    __aeabi_fsub                             0x0800069b   Thumb Code     6  fadd.o(.text)
    __aeabi_frsub                            0x080006a1   Thumb Code     6  fadd.o(.text)
    __aeabi_fmul                             0x080006a7   Thumb Code   100  fmul.o(.text)
    __aeabi_fdiv                             0x0800070b   Thumb Code   124  fdiv.o(.text)
    __aeabi_dadd                             0x08000787   Thumb Code   322  dadd.o(.text)
    __aeabi_dsub                             0x080008c9   Thumb Code     6  dadd.o(.text)
    __aeabi_drsub                            0x080008cf   Thumb Code     6  dadd.o(.text)
    __aeabi_dmul                             0x080008d5   Thumb Code   228  dmul.o(.text)
    __aeabi_i2f                              0x080009b9   Thumb Code    18  fflti.o(.text)
    __aeabi_ui2f                             0x080009cb   Thumb Code    10  ffltui.o(.text)
    __aeabi_i2d                              0x080009d5   Thumb Code    34  dflti.o(.text)
    __aeabi_ui2d                             0x080009f7   Thumb Code    26  dfltui.o(.text)
    __aeabi_f2iz                             0x08000a11   Thumb Code    50  ffixi.o(.text)
    __aeabi_f2uiz                            0x08000a43   Thumb Code    40  ffixui.o(.text)
    __aeabi_d2iz                             0x08000a6b   Thumb Code    62  dfixi.o(.text)
    __aeabi_f2d                              0x08000aa9   Thumb Code    38  f2d.o(.text)
    __aeabi_cdcmpeq                          0x08000ad1   Thumb Code     0  cdcmple.o(.text)
    __aeabi_cdcmple                          0x08000ad1   Thumb Code    48  cdcmple.o(.text)
    __aeabi_cdrcmple                         0x08000b01   Thumb Code    48  cdrcmple.o(.text)
    __aeabi_d2f                              0x08000b31   Thumb Code    56  d2f.o(.text)
    __aeabi_uidiv                            0x08000b69   Thumb Code     0  uidiv.o(.text)
    __aeabi_uidivmod                         0x08000b69   Thumb Code    44  uidiv.o(.text)
    __aeabi_uldivmod                         0x08000b95   Thumb Code    98  uldiv.o(.text)
    __aeabi_llsl                             0x08000bf7   Thumb Code    30  llshl.o(.text)
    _ll_shift_l                              0x08000bf7   Thumb Code     0  llshl.o(.text)
    __aeabi_llsr                             0x08000c15   Thumb Code    32  llushr.o(.text)
    _ll_ushift_r                             0x08000c15   Thumb Code     0  llushr.o(.text)
    __aeabi_lasr                             0x08000c35   Thumb Code    36  llsshr.o(.text)
    _ll_sshift_r                             0x08000c35   Thumb Code     0  llsshr.o(.text)
    _sgetc                                   0x08000c59   Thumb Code    30  _sgetc.o(.text)
    _sbackspace                              0x08000c77   Thumb Code    34  _sgetc.o(.text)
    __strtod_int                             0x08000ccf   Thumb Code    90  strtod.o(.text)
    strtol                                   0x08000d35   Thumb Code   112  strtol.o(.text)
    __I$use$fp                               0x08000da5   Thumb Code     0  iusefp.o(.text)
    _float_round                             0x08000da5   Thumb Code    18  fepilogue.o(.text)
    _float_epilogue                          0x08000db7   Thumb Code    92  fepilogue.o(.text)
    _double_round                            0x08000e13   Thumb Code    30  depilogue.o(.text)
    _double_epilogue                         0x08000e31   Thumb Code   156  depilogue.o(.text)
    __aeabi_ddiv                             0x08000ecd   Thumb Code   222  ddiv.o(.text)
    __aeabi_ul2d                             0x08000fab   Thumb Code    24  dfltul.o(.text)
    __aeabi_d2ulz                            0x08000fc3   Thumb Code    48  dfixul.o(.text)
    __scatterload                            0x08000ff5   Thumb Code    28  init.o(.text)
    __scatterload_rt2                        0x08000ff5   Thumb Code     0  init.o(.text)
    __rt_ctype_table                         0x08001019   Thumb Code     4  ctype_o.o(.text)
    isspace                                  0x08001021   Thumb Code    18  isspace_o.o(.text)
    _strtoul                                 0x08001033   Thumb Code   158  _strtoul.o(.text)
    _chval                                   0x080010d1   Thumb Code    28  _chval.o(.text)
    __decompress                             0x080010ed   Thumb Code     0  __dczerorl2.o(.text)
    __decompress1                            0x080010ed   Thumb Code    86  __dczerorl2.o(.text)
    Automation_Close                         0x08001145   Thumb Code   570  git.o(i.Automation_Close)
    BusFault_Handler                         0x080013a5   Thumb Code     4  stm32f10x_it.o(i.BusFault_Handler)
    Check_Key_ON_OFF                         0x080013a9   Thumb Code   478  git.o(i.Check_Key_ON_OFF)
    DHT11_GPIO_Config                        0x080015dd   Thumb Code    46  dht11.o(i.DHT11_GPIO_Config)
    DS1302_AlarmTime                         0x08001651   Thumb Code   164  ds1302.o(i.DS1302_AlarmTime)
    DS1302_GetTime                           0x08001715   Thumb Code   198  ds1302.o(i.DS1302_GetTime)
    DS1302_Init                              0x080017e1   Thumb Code    80  ds1302.o(i.DS1302_Init)
    DS1302_ReadByte                          0x08001835   Thumb Code   156  ds1302.o(i.DS1302_ReadByte)
    DS1302_ReadTime                          0x080018d9   Thumb Code    78  ds1302.o(i.DS1302_ReadTime)
    DS1302_WriteByte                         0x0800192d   Thumb Code   158  ds1302.o(i.DS1302_WriteByte)
    DS1302_WriteTime                         0x080019d5   Thumb Code   136  ds1302.o(i.DS1302_WriteTime)
    DebugMon_Handler                         0x08001a65   Thumb Code     2  stm32f10x_it.o(i.DebugMon_Handler)
    DevLink                                  0x08001a69   Thumb Code   230  net.o(i.DevLink)
    ESP8266_Clear                            0x08001c99   Thumb Code    20  usart3.o(i.ESP8266_Clear)
    ESP8266_GetIPD                           0x08001cb5   Thumb Code    68  usart3.o(i.ESP8266_GetIPD)
    ESP8266_Init                             0x08001d05   Thumb Code   216  usart3.o(i.ESP8266_Init)
    ESP8266_SendCmd                          0x08001ed5   Thumb Code    74  usart3.o(i.ESP8266_SendCmd)
    ESP8266_SendData                         0x08001f25   Thumb Code    46  usart3.o(i.ESP8266_SendData)
    ESP8266_WaitRecive                       0x08001f69   Thumb Code    42  usart3.o(i.ESP8266_WaitRecive)
    FillBuf                                  0x08001f9d   Thumb Code   472  net.o(i.FillBuf)
    GB16_NUM                                 0x0800225d   Thumb Code    18  oled.o(i.GB16_NUM)
    GENERAL_TIM_Init                         0x080022c7   Thumb Code    32  timer.o(i.GENERAL_TIM_Init)
    GENERAL_TIM_NVIC_Config                  0x08002393   Thumb Code    76  timer.o(i.GENERAL_TIM_NVIC_Config)
    GPIO_Init                                0x080023df   Thumb Code   278  stm32f10x_gpio.o(i.GPIO_Init)
    GPIO_PinRemapConfig                      0x080024f5   Thumb Code   138  stm32f10x_gpio.o(i.GPIO_PinRemapConfig)
    GPIO_ReadInputDataBit                    0x08002585   Thumb Code    18  stm32f10x_gpio.o(i.GPIO_ReadInputDataBit)
    GPIO_ResetBits                           0x08002597   Thumb Code     4  stm32f10x_gpio.o(i.GPIO_ResetBits)
    GPIO_SetBits                             0x0800259b   Thumb Code     4  stm32f10x_gpio.o(i.GPIO_SetBits)
    HardFault_Handler                        0x0800259f   Thumb Code     4  stm32f10x_it.o(i.HardFault_Handler)
    Hardware_Init                            0x080025a5   Thumb Code   396  main.o(i.Hardware_Init)
    KEY_Scan                                 0x08002ab9   Thumb Code   140  key.o(i.KEY_Scan)
    Key_GPIO_Config                          0x08002b4d   Thumb Code    72  key.o(i.Key_GPIO_Config)
    LED_Init                                 0x08002b99   Thumb Code    46  led.o(i.LED_Init)
    MQTT_DeleteBuffer                        0x08002bd1   Thumb Code    28  mqttkit.o(i.MQTT_DeleteBuffer)
    MQTT_DumpLength                          0x08002bed   Thumb Code    46  mqttkit.o(i.MQTT_DumpLength)
    MQTT_NewBuffer                           0x08002c1b   Thumb Code    88  mqttkit.o(i.MQTT_NewBuffer)
    MQTT_PacketCmdResp                       0x08002c75   Thumb Code   132  mqttkit.o(i.MQTT_PacketCmdResp)
    MQTT_PacketConnect                       0x08002d01   Thumb Code   666  mqttkit.o(i.MQTT_PacketConnect)
    MQTT_PacketPublish                       0x08002fa1   Thumb Code   418  mqttkit.o(i.MQTT_PacketPublish)
    MQTT_PacketPublishAck                    0x08003143   Thumb Code    72  mqttkit.o(i.MQTT_PacketPublishAck)
    MQTT_PacketPublishComp                   0x0800318b   Thumb Code    72  mqttkit.o(i.MQTT_PacketPublishComp)
    MQTT_PacketPublishRec                    0x080031d3   Thumb Code    72  mqttkit.o(i.MQTT_PacketPublishRec)
    MQTT_PacketPublishRel                    0x0800321b   Thumb Code    72  mqttkit.o(i.MQTT_PacketPublishRel)
    MQTT_PacketSubscribe                     0x08003263   Thumb Code   254  mqttkit.o(i.MQTT_PacketSubscribe)
    MQTT_ReadLength                          0x08003361   Thumb Code    70  mqttkit.o(i.MQTT_ReadLength)
    MQTT_UnPacketCmd                         0x080033a7   Thumb Code   140  mqttkit.o(i.MQTT_UnPacketCmd)
    MQTT_UnPacketConnectAck                  0x08003433   Thumb Code    30  mqttkit.o(i.MQTT_UnPacketConnectAck)
    MQTT_UnPacketPublish                     0x08003451   Thumb Code   438  mqttkit.o(i.MQTT_UnPacketPublish)
    MQTT_UnPacketPublishAck                  0x08003611   Thumb Code    30  mqttkit.o(i.MQTT_UnPacketPublishAck)
    MQTT_UnPacketPublishComp                 0x0800362f   Thumb Code    30  mqttkit.o(i.MQTT_UnPacketPublishComp)
    MQTT_UnPacketPublishRec                  0x0800364d   Thumb Code    30  mqttkit.o(i.MQTT_UnPacketPublishRec)
    MQTT_UnPacketPublishRel                  0x0800366b   Thumb Code    36  mqttkit.o(i.MQTT_UnPacketPublishRel)
    MQTT_UnPacketRecv                        0x08003691   Thumb Code   106  mqttkit.o(i.MQTT_UnPacketRecv)
    MQTT_UnPacketSubscribe                   0x08003705   Thumb Code    52  mqttkit.o(i.MQTT_UnPacketSubscribe)
    MQTT_UnPacketUnSubscribe                 0x08003739   Thumb Code    18  mqttkit.o(i.MQTT_UnPacketUnSubscribe)
    MemManage_Handler                        0x0800374b   Thumb Code     4  stm32f10x_it.o(i.MemManage_Handler)
    NMI_Handler                              0x0800374f   Thumb Code     2  stm32f10x_it.o(i.NMI_Handler)
    NVIC_Init                                0x0800377d   Thumb Code   100  misc.o(i.NVIC_Init)
    NVIC_PriorityGroupConfig                 0x080037ed   Thumb Code    10  misc.o(i.NVIC_PriorityGroupConfig)
    Net_Init                                 0x08003801   Thumb Code   142  main.o(i.Net_Init)
    OLED_Clear                               0x080038f5   Thumb Code    10  oled.o(i.OLED_Clear)
    OLED_ColorTurn                           0x080038ff   Thumb Code    28  oled.o(i.OLED_ColorTurn)
    OLED_DisplayTurn                         0x0800391b   Thumb Code    44  oled.o(i.OLED_DisplayTurn)
    OLED_Fill                                0x08003947   Thumb Code    66  oled.o(i.OLED_Fill)
    OLED_Init                                0x08003989   Thumb Code   278  oled.o(i.OLED_Init)
    OLED_ShowCH                              0x08003aa5   Thumb Code   292  oled.o(i.OLED_ShowCH)
    OLED_WR_BP                               0x08003bdd   Thumb Code    42  oled.o(i.OLED_WR_BP)
    OLED_WR_Byte                             0x08003c09   Thumb Code   126  oled.o(i.OLED_WR_Byte)
    PEC_Calculation                          0x08003c8d   Thumb Code   186  mlx90614.o(i.PEC_Calculation)
    PendSV_Handler                           0x08003d47   Thumb Code     2  stm32f10x_it.o(i.PendSV_Handler)
    RCC_APB1PeriphClockCmd                   0x08003d49   Thumb Code    26  stm32f10x_rcc.o(i.RCC_APB1PeriphClockCmd)
    RCC_APB1PeriphResetCmd                   0x08003d69   Thumb Code    26  stm32f10x_rcc.o(i.RCC_APB1PeriphResetCmd)
    RCC_APB2PeriphClockCmd                   0x08003d89   Thumb Code    26  stm32f10x_rcc.o(i.RCC_APB2PeriphClockCmd)
    RCC_APB2PeriphResetCmd                   0x08003da9   Thumb Code    26  stm32f10x_rcc.o(i.RCC_APB2PeriphResetCmd)
    RCC_GetClocksFreq                        0x08003dc9   Thumb Code   192  stm32f10x_rcc.o(i.RCC_GetClocksFreq)
    R_Test                                   0x08003e9d   Thumb Code   156  flash.o(i.R_Test)
    Read_DHT11                               0x08003fc9   Thumb Code   154  dht11.o(i.Read_DHT11)
    Read_Data                                0x08004069   Thumb Code   154  git.o(i.Read_Data)
    Reset_Threshole_Value                    0x08004125   Thumb Code    18  git.o(i.Reset_Threshole_Value)
    RevPro                                   0x08004139   Thumb Code   512  net.o(i.RevPro)
    SMBus_Delay                              0x080044f9   Thumb Code    26  mlx90614.o(i.SMBus_Delay)
    SMBus_Init                               0x08004515   Thumb Code    90  mlx90614.o(i.SMBus_Init)
    SMBus_ReadMemory                         0x08004579   Thumb Code   166  mlx90614.o(i.SMBus_ReadMemory)
    SMBus_ReadTemp                           0x08004621   Thumb Code    54  mlx90614.o(i.SMBus_ReadTemp)
    SMBus_ReceiveBit                         0x08004665   Thumb Code    64  mlx90614.o(i.SMBus_ReceiveBit)
    SMBus_ReceiveByte                        0x080046ad   Thumb Code    50  mlx90614.o(i.SMBus_ReceiveByte)
    SMBus_SendBit                            0x080046e1   Thumb Code    60  mlx90614.o(i.SMBus_SendBit)
    SMBus_SendByte                           0x08004725   Thumb Code    48  mlx90614.o(i.SMBus_SendByte)
    SMBus_StartBit                           0x08004755   Thumb Code    60  mlx90614.o(i.SMBus_StartBit)
    SMBus_StopBit                            0x08004799   Thumb Code    54  mlx90614.o(i.SMBus_StopBit)
    SVC_Handler                              0x080047d9   Thumb Code     2  stm32f10x_it.o(i.SVC_Handler)
    SendMqtt                                 0x080047dd   Thumb Code   120  net.o(i.SendMqtt)
    Send_Usart2                              0x0800487d   Thumb Code    42  usart2.o(i.Send_Usart2)
    SoftWare_Init                            0x080049a1   Thumb Code    64  main.o(i.SoftWare_Init)
    StringToHex                              0x080049f9   Thumb Code   234  ds1302.o(i.StringToHex)
    Subscribe                                0x08004ae5   Thumb Code   152  net.o(i.Subscribe)
    SysTick_CLKSourceConfig                  0x08004bd1   Thumb Code    40  misc.o(i.SysTick_CLKSourceConfig)
    SysTick_Handler                          0x08004bf9   Thumb Code     2  stm32f10x_it.o(i.SysTick_Handler)
    Sys_Restart                              0x08004bfd   Thumb Code    38  delay.o(i.Sys_Restart)
    SystemInit                               0x08004c2d   Thumb Code    78  system_stm32f10x.o(i.SystemInit)
    System_PB34_setIO                        0x08004c8d   Thumb Code    36  led.o(i.System_PB34_setIO)
    System_ReadInteriorFlash                 0x08004cb9   Thumb Code    58  flash.o(i.System_ReadInteriorFlash)
    System_WriteInteriorFlash                0x08004cf9   Thumb Code   354  flash.o(i.System_WriteInteriorFlash)
    TIM3_PWM_Init                            0x08004e75   Thumb Code   360  sg90.o(i.TIM3_PWM_Init)
    TIM4_IRQHandler                          0x08004fe9   Thumb Code   174  timer.o(i.TIM4_IRQHandler)
    TIM_ARRPreloadConfig                     0x080050b5   Thumb Code    24  stm32f10x_tim.o(i.TIM_ARRPreloadConfig)
    TIM_ClearFlag                            0x080050cd   Thumb Code     6  stm32f10x_tim.o(i.TIM_ClearFlag)
    TIM_ClearITPendingBit                    0x080050d3   Thumb Code     6  stm32f10x_tim.o(i.TIM_ClearITPendingBit)
    TIM_Cmd                                  0x080050d9   Thumb Code    24  stm32f10x_tim.o(i.TIM_Cmd)
    TIM_CtrlPWMOutputs                       0x080050f1   Thumb Code    30  stm32f10x_tim.o(i.TIM_CtrlPWMOutputs)
    TIM_DeInit                               0x08005111   Thumb Code   424  stm32f10x_tim.o(i.TIM_DeInit)
    TIM_GetITStatus                          0x080052f9   Thumb Code    34  stm32f10x_tim.o(i.TIM_GetITStatus)
    TIM_ITConfig                             0x0800531b   Thumb Code    18  stm32f10x_tim.o(i.TIM_ITConfig)
    TIM_OC1Init                              0x0800532d   Thumb Code   132  stm32f10x_tim.o(i.TIM_OC1Init)
    TIM_OC1PreloadConfig                     0x080053c5   Thumb Code    18  stm32f10x_tim.o(i.TIM_OC1PreloadConfig)
    TIM_OC2Init                              0x080053d9   Thumb Code   154  stm32f10x_tim.o(i.TIM_OC2Init)
    TIM_OC2PreloadConfig                     0x0800547d   Thumb Code    26  stm32f10x_tim.o(i.TIM_OC2PreloadConfig)
    TIM_OC3Init                              0x08005499   Thumb Code   150  stm32f10x_tim.o(i.TIM_OC3Init)
    TIM_OC3PreloadConfig                     0x08005539   Thumb Code    18  stm32f10x_tim.o(i.TIM_OC3PreloadConfig)
    TIM_OC4Init                              0x0800554d   Thumb Code   114  stm32f10x_tim.o(i.TIM_OC4Init)
    TIM_OC4PreloadConfig                     0x080055c9   Thumb Code    26  stm32f10x_tim.o(i.TIM_OC4PreloadConfig)
    TIM_SetCompare1                          0x080055e3   Thumb Code     4  stm32f10x_tim.o(i.TIM_SetCompare1)
    TIM_SetCompare2                          0x080055e7   Thumb Code     4  stm32f10x_tim.o(i.TIM_SetCompare2)
    TIM_SetCompare3                          0x080055eb   Thumb Code     4  stm32f10x_tim.o(i.TIM_SetCompare3)
    TIM_SetCompare4                          0x080055ef   Thumb Code     6  stm32f10x_tim.o(i.TIM_SetCompare4)
    TIM_TimeBaseInit                         0x080055f5   Thumb Code   122  stm32f10x_tim.o(i.TIM_TimeBaseInit)
    USART1_IRQHandler                        0x080056ad   Thumb Code   100  usart.o(i.USART1_IRQHandler)
    USART2_IRQHandler                        0x08005725   Thumb Code    70  usart2.o(i.USART2_IRQHandler)
    USART3_IRQHandler                        0x08005781   Thumb Code    62  usart3.o(i.USART3_IRQHandler)
    USART_ClearFlag                          0x080057cd   Thumb Code    18  stm32f10x_usart.o(i.USART_ClearFlag)
    USART_Cmd                                0x080057df   Thumb Code    24  stm32f10x_usart.o(i.USART_Cmd)
    USART_GetFlagStatus                      0x080057f7   Thumb Code    26  stm32f10x_usart.o(i.USART_GetFlagStatus)
    USART_GetITStatus                        0x08005811   Thumb Code    84  stm32f10x_usart.o(i.USART_GetITStatus)
    USART_ITConfig                           0x08005865   Thumb Code    74  stm32f10x_usart.o(i.USART_ITConfig)
    USART_Init                               0x080058b1   Thumb Code   210  stm32f10x_usart.o(i.USART_Init)
    USART_ReceiveData                        0x08005989   Thumb Code    10  stm32f10x_usart.o(i.USART_ReceiveData)
    USART_SendData                           0x08005993   Thumb Code     8  stm32f10x_usart.o(i.USART_SendData)
    Uart2_funtction                          0x0800599d   Thumb Code    64  usart2.o(i.Uart2_funtction)
    Update_device_massage                    0x08005a05   Thumb Code   398  git.o(i.Update_device_massage)
    Update_oled_massage                      0x08005bc9   Thumb Code   416  git.o(i.Update_oled_massage)
    UsageFault_Handler                       0x08005e61   Thumb Code     4  stm32f10x_it.o(i.UsageFault_Handler)
    Usart1_Init                              0x08005e65   Thumb Code   152  usart.o(i.Usart1_Init)
    Usart2_Init                              0x08005f05   Thumb Code   138  usart2.o(i.Usart2_Init)
    Usart3_Init                              0x08005f99   Thumb Code   162  usart3.o(i.Usart3_Init)
    Usart3_SendString                        0x08006045   Thumb Code    44  usart3.o(i.Usart3_SendString)
    Usart_SendByte                           0x08006075   Thumb Code    30  usart.o(i.Usart_SendByte)
    W_Alarm1_Time                            0x08006095   Thumb Code   132  flash.o(i.W_Alarm1_Time)
    W_Test                                   0x0800613d   Thumb Code    44  flash.o(i.W_Test)
    __0printf                                0x08006179   Thumb Code    22  printfa.o(i.__0printf)
    __1printf                                0x08006179   Thumb Code     0  printfa.o(i.__0printf)
    __2printf                                0x08006179   Thumb Code     0  printfa.o(i.__0printf)
    __c89printf                              0x08006179   Thumb Code     0  printfa.o(i.__0printf)
    printf                                   0x08006179   Thumb Code     0  printfa.o(i.__0printf)
    __0sprintf                               0x08006199   Thumb Code    34  printfa.o(i.__0sprintf)
    __1sprintf                               0x08006199   Thumb Code     0  printfa.o(i.__0sprintf)
    __2sprintf                               0x08006199   Thumb Code     0  printfa.o(i.__0sprintf)
    __c89sprintf                             0x08006199   Thumb Code     0  printfa.o(i.__0sprintf)
    sprintf                                  0x08006199   Thumb Code     0  printfa.o(i.__0sprintf)
    __0vsprintf                              0x080061c1   Thumb Code    30  printfa.o(i.__0vsprintf)
    __1vsprintf                              0x080061c1   Thumb Code     0  printfa.o(i.__0vsprintf)
    __2vsprintf                              0x080061c1   Thumb Code     0  printfa.o(i.__0vsprintf)
    __c89vsprintf                            0x080061c1   Thumb Code     0  printfa.o(i.__0vsprintf)
    vsprintf                                 0x080061c1   Thumb Code     0  printfa.o(i.__0vsprintf)
    __aeabi_errno_addr                       0x080061e5   Thumb Code     4  errno.o(i.__aeabi_errno_addr)
    __rt_errno_addr                          0x080061e5   Thumb Code     0  errno.o(i.__aeabi_errno_addr)
    free                                     0x080061ed   Thumb Code    88  mallocr.o(i.__free$realloc)
    malloc                                   0x08006249   Thumb Code    64  mallocr.o(i.__malloc$realloc)
    __scatterload_copy                       0x08006299   Thumb Code    14  handlers.o(i.__scatterload_copy)
    __scatterload_null                       0x080062a7   Thumb Code     2  handlers.o(i.__scatterload_null)
    __scatterload_zeroinit                   0x080062a9   Thumb Code    14  handlers.o(i.__scatterload_zeroinit)
    _is_digit                                0x0800643d   Thumb Code    14  scanf_fp.o(i._is_digit)
    cJSON_Delete                             0x08006bcd   Thumb Code    84  cjson.o(i.cJSON_Delete)
    cJSON_GetObjectItem                      0x08006c25   Thumb Code    18  cjson.o(i.cJSON_GetObjectItem)
    cJSON_Parse                              0x08006c51   Thumb Code    16  cjson.o(i.cJSON_Parse)
    cJSON_ParseWithLengthOpts                0x08006c61   Thumb Code   204  cjson.o(i.cJSON_ParseWithLengthOpts)
    cJSON_ParseWithOpts                      0x08006d35   Thumb Code    40  cjson.o(i.cJSON_ParseWithOpts)
    delay_init                               0x08006da5   Thumb Code    50  delay.o(i.delay_init)
    delay_ms                                 0x08006de9   Thumb Code    72  delay.o(i.delay_ms)
    delay_us                                 0x08006e35   Thumb Code    72  delay.o(i.delay_us)
    drugBuf                                  0x08006e81   Thumb Code    90  net.o(i.drugBuf)
    fputc                                    0x08006f4d   Thumb Code    24  usart.o(i.fputc)
    heart_IIC_Ack                            0x08006fc1   Thumb Code    48  heartiic.o(i.heart_IIC_Ack)
    heart_IIC_Init                           0x08006ff9   Thumb Code    80  heartiic.o(i.heart_IIC_Init)
    heart_IIC_NAck                           0x08007055   Thumb Code    48  heartiic.o(i.heart_IIC_NAck)
    heart_IIC_Read_Byte                      0x0800708d   Thumb Code    80  heartiic.o(i.heart_IIC_Read_Byte)
    heart_IIC_Send_Byte                      0x080070e5   Thumb Code    72  heartiic.o(i.heart_IIC_Send_Byte)
    heart_IIC_Start                          0x08007135   Thumb Code    46  heartiic.o(i.heart_IIC_Start)
    heart_IIC_Stop                           0x0800716d   Thumb Code    44  heartiic.o(i.heart_IIC_Stop)
    heart_IIC_Wait_Ack                       0x080071a1   Thumb Code    68  heartiic.o(i.heart_IIC_Wait_Ack)
    main                                     0x0800723d   Thumb Code    66  main.o(i.main)
    massage_parse_json                       0x08007289   Thumb Code   250  git.o(i.massage_parse_json)
    massage_speak                            0x080073e1   Thumb Code    80  git.o(i.massage_speak)
    max30102_Bus_Read                        0x08007439   Thumb Code    82  max30102.o(i.max30102_Bus_Read)
    max30102_Bus_Write                       0x0800748b   Thumb Code    68  max30102.o(i.max30102_Bus_Write)
    max30102_FIFO_ReadBytes                  0x080074cf   Thumb Code   128  max30102.o(i.max30102_FIFO_ReadBytes)
    max30102_init                            0x08007551   Thumb Code   128  max30102.o(i.max30102_init)
    max30102_reset                           0x080075d5   Thumb Code    20  max30102.o(i.max30102_reset)
    maxim_find_peaks                         0x080075e9   Thumb Code    66  algorithm.o(i.maxim_find_peaks)
    maxim_heart_rate_and_oxygen_saturation   0x0800762d   Thumb Code  1272  algorithm.o(i.maxim_heart_rate_and_oxygen_saturation)
    maxim_peaks_above_min_height             0x08007b2d   Thumb Code   122  algorithm.o(i.maxim_peaks_above_min_height)
    maxim_remove_close_peaks                 0x08007ba7   Thumb Code   114  algorithm.o(i.maxim_remove_close_peaks)
    maxim_sort_ascend                        0x08007c19   Thumb Code    54  algorithm.o(i.maxim_sort_ascend)
    maxim_sort_indices_descend               0x08007c4f   Thumb Code    64  algorithm.o(i.maxim_sort_indices_descend)
    realloc                                  0x08008321   Thumb Code   102  mallocr.o(i.realloc)
    strtod                                   0x080083c9   Thumb Code    28  strtod.o(i.strtod)
    task1                                    0x080083e5   Thumb Code   160  main.o(i.task1)
    task2                                    0x080084f1   Thumb Code    20  main.o(i.task2)
    task3                                    0x0800850d   Thumb Code    58  main.o(i.task3)
    timer_init                               0x0800854d   Thumb Code    28  task.o(i.timer_init)
    timer_loop                               0x0800856d   Thumb Code    54  task.o(i.timer_loop)
    timer_start                              0x080085ad   Thumb Code    38  task.o(i.timer_start)
    timer_stop                               0x080085d9   Thumb Code    32  task.o(i.timer_stop)
    timer_ticks                              0x080085fd   Thumb Code    12  task.o(i.timer_ticks)
    u2_printf                                0x0800860d   Thumb Code    72  usart2.o(i.u2_printf)
    auw_hamm                                 0x080087ac   Data          62  algorithm.o(.constdata)
    uch_spo2_table                           0x080087ea   Data         184  algorithm.o(.constdata)
    __ctype_table                            0x080088a2   Data         129  ctype_o.o(.constdata)
    Region$$Table$$Base                      0x08008a04   Number         0  anon$$obj.o(Region$$Table)
    Region$$Table$$Limit                     0x08008a24   Number         0  anon$$obj.o(Region$$Table)
    n_ir_buffer_length                       0x20000000   Data           4  main.o(.data)
    n_sp02                                   0x20000004   Data           4  main.o(.data)
    ch_spo2_valid                            0x20000008   Data           1  main.o(.data)
    n_heart_rate                             0x2000000c   Data           4  main.o(.data)
    ch_hr_valid                              0x20000010   Data           1  main.o(.data)
    uch_dummy                                0x20000011   Data           1  main.o(.data)
    un_min                                   0x20000014   Data           4  main.o(.data)
    un_max                                   0x20000018   Data           4  main.o(.data)
    un_prev_data                             0x2000001c   Data           4  main.o(.data)
    i                                        0x20000020   Data           4  main.o(.data)
    n_brightness                             0x20000024   Data           4  main.o(.data)
    f_temp                                   0x20000028   Data           4  main.o(.data)
    temp_num                                 0x2000002c   Data           1  main.o(.data)
    temp                                     0x2000002d   Data           6  main.o(.data)
    dis_hr                                   0x20000033   Data           1  main.o(.data)
    dis_spo2                                 0x20000034   Data           1  main.o(.data)
    topics                                   0x20000038   Data           4  main.o(.data)
    SystemCoreClock                          0x2000003c   Data           4  system_stm32f10x.o(.data)
    AHBPrescTable                            0x20000040   Data          16  system_stm32f10x.o(.data)
    zf                                       0x20000054   Data        1520  oled.o(.data)
    hz                                       0x20000644   Data         832  oled.o(.data)
    hz_index                                 0x20000984   Data          53  oled.o(.data)
    zf_index                                 0x200009b9   Data          96  oled.o(.data)
    HZ                                       0x20000a1c   Data           4  oled.o(.data)
    addrShort0                               0x20000a20   Data           4  flash.o(.data)
    addrShort1                               0x20000a24   Data           4  flash.o(.data)
    addrShort2                               0x20000a28   Data           4  flash.o(.data)
    addrShort3                               0x20000a2c   Data           4  flash.o(.data)
    addrShort4                               0x20000a30   Data           4  flash.o(.data)
    addrShort5                               0x20000a34   Data           4  flash.o(.data)
    addrShort6                               0x20000a38   Data           4  flash.o(.data)
    addrShort7                               0x20000a3c   Data           4  flash.o(.data)
    addrShort8                               0x20000a40   Data           4  flash.o(.data)
    addrShort9                               0x20000a44   Data           4  flash.o(.data)
    addrShort10                              0x20000a48   Data           4  flash.o(.data)
    Uart2_RecvCount                          0x20000a4c   Data           2  usart2.o(.data)
    Uart2_EnterRecvFlg                       0x20000a4e   Data           1  usart2.o(.data)
    time_buf                                 0x20000a50   Data           8  ds1302.o(.data)
    TIME_SET                                 0x20000a58   Data           4  ds1302.o(.data)
    time_set                                 0x20000a5c   Data           8  ds1302.o(.data)
    ALARM1_SET                               0x20000a64   Data           4  ds1302.o(.data)
    ALARM2_SET                               0x20000a68   Data           4  ds1302.o(.data)
    alarm1_set                               0x20000a6c   Data           2  ds1302.o(.data)
    alarm2_set                               0x20000a6e   Data           2  ds1302.o(.data)
    alarm3_set                               0x20000a70   Data           2  ds1302.o(.data)
    alarm4_set                               0x20000a72   Data           2  ds1302.o(.data)
    alarm5_set                               0x20000a74   Data           2  ds1302.o(.data)
    alarm6_set                               0x20000a76   Data           2  ds1302.o(.data)
    sec_buf                                  0x20000a78   Data           1  ds1302.o(.data)
    sec_flag                                 0x20000a79   Data           1  ds1302.o(.data)
    __stdout                                 0x20000a80   Data           4  usart.o(.data)
    USART_RX_STA                             0x20000a84   Data           2  usart.o(.data)
    USART_STA                                0x20000a86   Data           2  usart.o(.data)
    USART_RX_LEN                             0x20000a88   Data           2  usart.o(.data)
    esp8266_cnt                              0x20000ab4   Data           2  usart3.o(.data)
    esp8266_cntPre                           0x20000ab6   Data           2  usart3.o(.data)
    Connect_Net                              0x20000ab8   Data           1  net.o(.data)
    threshold_value_init                     0x20000abc   Data           8  git.o(.data)
    DHT11_Data                               0x20000ac4   Data           5  git.o(.data)
    time                                     0x20000aca   Data           8  git.o(.data)
    sec                                      0x20000ad2   Data           1  git.o(.data)
    time_4                                   0x20000ae0   Data           4  timer.o(.data)
    time25ms                                 0x20000ae4   Data           1  timer.o(.data)
    Usart2_Time                              0x20000ae6   Data           2  timer.o(.data)
    TimeCount1ms                             0x20000ae8   Data           4  timer.o(.data)
    bTimeout10ms                             0x20000aec   Data           1  timer.o(.data)
    __microlib_freelist                      0x20000af0   Data           4  mvars.o(.data)
    __microlib_freelist_initialised          0x20000af4   Data           4  mvars.o(.data)
    aun_ir_buffer                            0x200012fc   Data        2000  main.o(.bss)
    aun_red_buffer                           0x20001acc   Data        2000  main.o(.bss)
    str                                      0x2000229c   Data          50  main.o(.bss)
    USART2_RX_BUF                            0x20004a60   Data         256  usart2.o(.bss)
    USART2_TX_BUF                            0x20004b60   Data         256  usart2.o(.bss)
    USART_RX_BUF                             0x20004c60   Data         200  usart.o(.bss)
    Time_buff                                0x20005528   Data         100  usart3.o(.bss)
    esp8266_buf                              0x2000558c   Data         256  usart3.o(.bss)
    Data_init                                0x20005e8c   Data          28  git.o(.bss)
    device_state_init                        0x20005ea8   Data          20  git.o(.bss)
    __heap_base                              0x20005ec0   Data           0  startup_stm32f10x_hd.o(HEAP)
    __heap_limit                             0x20006ac0   Data           0  startup_stm32f10x_hd.o(HEAP)
    __initial_sp                             0x20006ec0   Data           0  startup_stm32f10x_hd.o(STACK)



==============================================================================

Memory Map of the image

  Image Entry point : 0x08000145

  Load Region LR_1 (Base: 0x08000000, Size: 0x00009520, Max: 0xffffffff, ABSOLUTE, COMPRESSED[0x00009150])

    Execution Region ER_RO (Exec base: 0x08000000, Load base: 0x08000000, Size: 0x00008a24, Max: 0xffffffff, ABSOLUTE)

    Exec Addr    Load Addr    Size         Type   Attr      Idx    E Section Name        Object

    0x08000000   0x08000000   0x00000130   Data   RO         1194    RESET               startup_stm32f10x_hd.o
    0x08000130   0x08000130   0x00000000   Code   RO         4284  * .ARM.Collect$$$$00000000  mc_w.l(entry.o)
    0x08000130   0x08000130   0x00000004   Code   RO         4640    .ARM.Collect$$$$00000001  mc_w.l(entry2.o)
    0x08000134   0x08000134   0x00000004   Code   RO         4643    .ARM.Collect$$$$00000004  mc_w.l(entry5.o)
    0x08000138   0x08000138   0x00000000   Code   RO         4645    .ARM.Collect$$$$00000008  mc_w.l(entry7b.o)
    0x08000138   0x08000138   0x00000000   Code   RO         4647    .ARM.Collect$$$$0000000A  mc_w.l(entry8b.o)
    0x08000138   0x08000138   0x00000008   Code   RO         4648    .ARM.Collect$$$$0000000B  mc_w.l(entry9a.o)
    0x08000140   0x08000140   0x00000000   Code   RO         4650    .ARM.Collect$$$$0000000D  mc_w.l(entry10a.o)
    0x08000140   0x08000140   0x00000000   Code   RO         4652    .ARM.Collect$$$$0000000F  mc_w.l(entry11a.o)
    0x08000140   0x08000140   0x00000004   Code   RO         4641    .ARM.Collect$$$$00002712  mc_w.l(entry2.o)
    0x08000144   0x08000144   0x00000024   Code   RO         1195  * .text               startup_stm32f10x_hd.o
    0x08000168   0x08000168   0x0000000c   Code   RO         4287    .text               mc_w.l(tolower.o)
    0x08000174   0x08000174   0x00000024   Code   RO         4289    .text               mc_w.l(memcpya.o)
    0x08000198   0x08000198   0x00000024   Code   RO         4291    .text               mc_w.l(memseta.o)
    0x080001bc   0x080001bc   0x00000018   Code   RO         4293    .text               mc_w.l(strcat.o)
    0x080001d4   0x080001d4   0x00000024   Code   RO         4295    .text               mc_w.l(strstr.o)
    0x080001f8   0x080001f8   0x00000014   Code   RO         4297    .text               mc_w.l(strchr.o)
    0x0800020c   0x0800020c   0x0000000e   Code   RO         4299    .text               mc_w.l(strlen.o)
    0x0800021a   0x0800021a   0x0000001c   Code   RO         4301    .text               mc_w.l(strcmp.o)
    0x08000236   0x08000236   0x00000028   Code   RO         4303    .text               mc_w.l(strncat.o)
    0x0800025e   0x0800025e   0x0000001e   Code   RO         4307    .text               mc_w.l(strncmp.o)
    0x0800027c   0x0800027c   0x00000360   Code   RO         4602    .text               mc_w.l(scanf_fp.o)
    0x080005dc   0x080005dc   0x0000001a   Code   RO         4606    .text               mc_w.l(atoi.o)
    0x080005f6   0x080005f6   0x000000b0   Code   RO         4608    .text               mf_w.l(fadd.o)
    0x080006a6   0x080006a6   0x00000064   Code   RO         4610    .text               mf_w.l(fmul.o)
    0x0800070a   0x0800070a   0x0000007c   Code   RO         4612    .text               mf_w.l(fdiv.o)
    0x08000786   0x08000786   0x0000014e   Code   RO         4614    .text               mf_w.l(dadd.o)
    0x080008d4   0x080008d4   0x000000e4   Code   RO         4616    .text               mf_w.l(dmul.o)
    0x080009b8   0x080009b8   0x00000012   Code   RO         4618    .text               mf_w.l(fflti.o)
    0x080009ca   0x080009ca   0x0000000a   Code   RO         4620    .text               mf_w.l(ffltui.o)
    0x080009d4   0x080009d4   0x00000022   Code   RO         4622    .text               mf_w.l(dflti.o)
    0x080009f6   0x080009f6   0x0000001a   Code   RO         4624    .text               mf_w.l(dfltui.o)
    0x08000a10   0x08000a10   0x00000032   Code   RO         4626    .text               mf_w.l(ffixi.o)
    0x08000a42   0x08000a42   0x00000028   Code   RO         4628    .text               mf_w.l(ffixui.o)
    0x08000a6a   0x08000a6a   0x0000003e   Code   RO         4630    .text               mf_w.l(dfixi.o)
    0x08000aa8   0x08000aa8   0x00000026   Code   RO         4632    .text               mf_w.l(f2d.o)
    0x08000ace   0x08000ace   0x00000002   PAD
    0x08000ad0   0x08000ad0   0x00000030   Code   RO         4634    .text               mf_w.l(cdcmple.o)
    0x08000b00   0x08000b00   0x00000030   Code   RO         4636    .text               mf_w.l(cdrcmple.o)
    0x08000b30   0x08000b30   0x00000038   Code   RO         4638    .text               mf_w.l(d2f.o)
    0x08000b68   0x08000b68   0x0000002c   Code   RO         4654    .text               mc_w.l(uidiv.o)
    0x08000b94   0x08000b94   0x00000062   Code   RO         4656    .text               mc_w.l(uldiv.o)
    0x08000bf6   0x08000bf6   0x0000001e   Code   RO         4658    .text               mc_w.l(llshl.o)
    0x08000c14   0x08000c14   0x00000020   Code   RO         4660    .text               mc_w.l(llushr.o)
    0x08000c34   0x08000c34   0x00000024   Code   RO         4662    .text               mc_w.l(llsshr.o)
    0x08000c58   0x08000c58   0x00000040   Code   RO         4675    .text               mc_w.l(_sgetc.o)
    0x08000c98   0x08000c98   0x0000009c   Code   RO         4677    .text               mc_w.l(strtod.o)
    0x08000d34   0x08000d34   0x00000070   Code   RO         4679    .text               mc_w.l(strtol.o)
    0x08000da4   0x08000da4   0x00000000   Code   RO         4681    .text               mc_w.l(iusefp.o)
    0x08000da4   0x08000da4   0x0000006e   Code   RO         4682    .text               mf_w.l(fepilogue.o)
    0x08000e12   0x08000e12   0x000000ba   Code   RO         4684    .text               mf_w.l(depilogue.o)
    0x08000ecc   0x08000ecc   0x000000de   Code   RO         4686    .text               mf_w.l(ddiv.o)
    0x08000faa   0x08000faa   0x00000018   Code   RO         4688    .text               mf_w.l(dfltul.o)
    0x08000fc2   0x08000fc2   0x00000030   Code   RO         4690    .text               mf_w.l(dfixul.o)
    0x08000ff2   0x08000ff2   0x00000002   PAD
    0x08000ff4   0x08000ff4   0x00000024   Code   RO         4692    .text               mc_w.l(init.o)
    0x08001018   0x08001018   0x00000008   Code   RO         4696    .text               mc_w.l(ctype_o.o)
    0x08001020   0x08001020   0x00000012   Code   RO         4718    .text               mc_w.l(isspace_o.o)
    0x08001032   0x08001032   0x0000009e   Code   RO         4726    .text               mc_w.l(_strtoul.o)
    0x080010d0   0x080010d0   0x0000001c   Code   RO         4731    .text               mc_w.l(_chval.o)
    0x080010ec   0x080010ec   0x00000056   Code   RO         4741    .text               mc_w.l(__dczerorl2.o)
    0x08001142   0x08001142   0x00000002   PAD
    0x08001144   0x08001144   0x00000260   Code   RO         4115    i.Automation_Close  git.o
    0x080013a4   0x080013a4   0x00000004   Code   RO          232    i.BusFault_Handler  stm32f10x_it.o
    0x080013a8   0x080013a8   0x00000234   Code   RO         4116    i.Check_Key_ON_OFF  git.o
    0x080015dc   0x080015dc   0x00000034   Code   RO          938    i.DHT11_GPIO_Config  dht11.o
    0x08001610   0x08001610   0x0000001c   Code   RO          939    i.DHT11_Mode_IPU    dht11.o
    0x0800162c   0x0800162c   0x00000024   Code   RO          940    i.DHT11_Mode_Out_PP  dht11.o
    0x08001650   0x08001650   0x000000c4   Code   RO          863    i.DS1302_AlarmTime  ds1302.o
    0x08001714   0x08001714   0x000000cc   Code   RO          864    i.DS1302_GetTime    ds1302.o
    0x080017e0   0x080017e0   0x00000054   Code   RO          865    i.DS1302_Init       ds1302.o
    0x08001834   0x08001834   0x000000a4   Code   RO          866    i.DS1302_ReadByte   ds1302.o
    0x080018d8   0x080018d8   0x00000054   Code   RO          867    i.DS1302_ReadTime   ds1302.o
    0x0800192c   0x0800192c   0x000000a8   Code   RO          868    i.DS1302_WriteByte  ds1302.o
    0x080019d4   0x080019d4   0x00000090   Code   RO          869    i.DS1302_WriteTime  ds1302.o
    0x08001a64   0x08001a64   0x00000002   Code   RO          233    i.DebugMon_Handler  stm32f10x_it.o
    0x08001a66   0x08001a66   0x00000002   PAD
    0x08001a68   0x08001a68   0x00000230   Code   RO         3838    i.DevLink           net.o
    0x08001c98   0x08001c98   0x0000001c   Code   RO         3756    i.ESP8266_Clear     usart3.o
    0x08001cb4   0x08001cb4   0x00000050   Code   RO         3757    i.ESP8266_GetIPD    usart3.o
    0x08001d04   0x08001d04   0x000001d0   Code   RO         3759    i.ESP8266_Init      usart3.o
    0x08001ed4   0x08001ed4   0x00000050   Code   RO         3760    i.ESP8266_SendCmd   usart3.o
    0x08001f24   0x08001f24   0x00000044   Code   RO         3761    i.ESP8266_SendData  usart3.o
    0x08001f68   0x08001f68   0x00000034   Code   RO         3763    i.ESP8266_WaitRecive  usart3.o
    0x08001f9c   0x08001f9c   0x000002c0   Code   RO         3839    i.FillBuf           net.o
    0x0800225c   0x0800225c   0x00000018   Code   RO          400    i.GB16_NUM          oled.o
    0x08002274   0x08002274   0x00000052   Code   RO         4223    i.GENERAL_TIMClock_Enable  timer.o
    0x080022c6   0x080022c6   0x00000020   Code   RO         4224    i.GENERAL_TIM_Init  timer.o
    0x080022e6   0x080022e6   0x000000ac   Code   RO         4225    i.GENERAL_TIM_Mode_Config  timer.o
    0x08002392   0x08002392   0x0000004c   Code   RO         4226    i.GENERAL_TIM_NVIC_Config  timer.o
    0x080023de   0x080023de   0x00000116   Code   RO         1241    i.GPIO_Init         stm32f10x_gpio.o
    0x080024f4   0x080024f4   0x00000090   Code   RO         1243    i.GPIO_PinRemapConfig  stm32f10x_gpio.o
    0x08002584   0x08002584   0x00000012   Code   RO         1245    i.GPIO_ReadInputDataBit  stm32f10x_gpio.o
    0x08002596   0x08002596   0x00000004   Code   RO         1248    i.GPIO_ResetBits    stm32f10x_gpio.o
    0x0800259a   0x0800259a   0x00000004   Code   RO         1249    i.GPIO_SetBits      stm32f10x_gpio.o
    0x0800259e   0x0800259e   0x00000004   Code   RO          234    i.HardFault_Handler  stm32f10x_it.o
    0x080025a2   0x080025a2   0x00000002   PAD
    0x080025a4   0x080025a4   0x000001e8   Code   RO            1    i.Hardware_Init     main.o
    0x0800278c   0x0800278c   0x00000028   Code   RO          630    i.Heart_SDA_IN      heartiic.o
    0x080027b4   0x080027b4   0x0000002c   Code   RO          631    i.Heart_SDA_OUT     heartiic.o
    0x080027e0   0x080027e0   0x000002d8   Code   RO            2    i.Heart_num         main.o
    0x08002ab8   0x08002ab8   0x00000094   Code   RO          375    i.KEY_Scan          key.o
    0x08002b4c   0x08002b4c   0x0000004c   Code   RO          376    i.Key_GPIO_Config   key.o
    0x08002b98   0x08002b98   0x00000038   Code   RO          355    i.LED_Init          led.o
    0x08002bd0   0x08002bd0   0x0000001c   Code   RO         3931    i.MQTT_DeleteBuffer  mqttkit.o
    0x08002bec   0x08002bec   0x0000002e   Code   RO         3932    i.MQTT_DumpLength   mqttkit.o
    0x08002c1a   0x08002c1a   0x00000058   Code   RO         3933    i.MQTT_NewBuffer    mqttkit.o
    0x08002c72   0x08002c72   0x00000002   PAD
    0x08002c74   0x08002c74   0x0000008c   Code   RO         3934    i.MQTT_PacketCmdResp  mqttkit.o
    0x08002d00   0x08002d00   0x000002a0   Code   RO         3935    i.MQTT_PacketConnect  mqttkit.o
    0x08002fa0   0x08002fa0   0x000001a2   Code   RO         3938    i.MQTT_PacketPublish  mqttkit.o
    0x08003142   0x08003142   0x00000048   Code   RO         3939    i.MQTT_PacketPublishAck  mqttkit.o
    0x0800318a   0x0800318a   0x00000048   Code   RO         3940    i.MQTT_PacketPublishComp  mqttkit.o
    0x080031d2   0x080031d2   0x00000048   Code   RO         3941    i.MQTT_PacketPublishRec  mqttkit.o
    0x0800321a   0x0800321a   0x00000048   Code   RO         3942    i.MQTT_PacketPublishRel  mqttkit.o
    0x08003262   0x08003262   0x000000fe   Code   RO         3945    i.MQTT_PacketSubscribe  mqttkit.o
    0x08003360   0x08003360   0x00000046   Code   RO         3947    i.MQTT_ReadLength   mqttkit.o
    0x080033a6   0x080033a6   0x0000008c   Code   RO         3948    i.MQTT_UnPacketCmd  mqttkit.o
    0x08003432   0x08003432   0x0000001e   Code   RO         3949    i.MQTT_UnPacketConnectAck  mqttkit.o
    0x08003450   0x08003450   0x000001c0   Code   RO         3950    i.MQTT_UnPacketPublish  mqttkit.o
    0x08003610   0x08003610   0x0000001e   Code   RO         3951    i.MQTT_UnPacketPublishAck  mqttkit.o
    0x0800362e   0x0800362e   0x0000001e   Code   RO         3952    i.MQTT_UnPacketPublishComp  mqttkit.o
    0x0800364c   0x0800364c   0x0000001e   Code   RO         3953    i.MQTT_UnPacketPublishRec  mqttkit.o
    0x0800366a   0x0800366a   0x00000024   Code   RO         3954    i.MQTT_UnPacketPublishRel  mqttkit.o
    0x0800368e   0x0800368e   0x00000002   PAD
    0x08003690   0x08003690   0x00000074   Code   RO         3955    i.MQTT_UnPacketRecv  mqttkit.o
    0x08003704   0x08003704   0x00000034   Code   RO         3956    i.MQTT_UnPacketSubscribe  mqttkit.o
    0x08003738   0x08003738   0x00000012   Code   RO         3957    i.MQTT_UnPacketUnSubscribe  mqttkit.o
    0x0800374a   0x0800374a   0x00000004   Code   RO          235    i.MemManage_Handler  stm32f10x_it.o
    0x0800374e   0x0800374e   0x00000002   Code   RO          236    i.NMI_Handler       stm32f10x_it.o
    0x08003750   0x08003750   0x0000002a   Code   RO          778    i.NVIC_Configuration  usart2.o
    0x0800377a   0x0800377a   0x00000002   PAD
    0x0800377c   0x0800377c   0x00000070   Code   RO         1199    i.NVIC_Init         misc.o
    0x080037ec   0x080037ec   0x00000014   Code   RO         1200    i.NVIC_PriorityGroupConfig  misc.o
    0x08003800   0x08003800   0x000000f4   Code   RO            3    i.Net_Init          main.o
    0x080038f4   0x080038f4   0x0000000a   Code   RO          401    i.OLED_Clear        oled.o
    0x080038fe   0x080038fe   0x0000001c   Code   RO          403    i.OLED_ColorTurn    oled.o
    0x0800391a   0x0800391a   0x0000002c   Code   RO          406    i.OLED_DisplayTurn  oled.o
    0x08003946   0x08003946   0x00000042   Code   RO          409    i.OLED_Fill         oled.o
    0x08003988   0x08003988   0x0000011c   Code   RO          410    i.OLED_Init         oled.o
    0x08003aa4   0x08003aa4   0x00000138   Code   RO          412    i.OLED_ShowCH       oled.o
    0x08003bdc   0x08003bdc   0x0000002a   Code   RO          416    i.OLED_WR_BP        oled.o
    0x08003c06   0x08003c06   0x00000002   PAD
    0x08003c08   0x08003c08   0x00000084   Code   RO          417    i.OLED_WR_Byte      oled.o
    0x08003c8c   0x08003c8c   0x000000ba   Code   RO          971    i.PEC_Calculation   mlx90614.o
    0x08003d46   0x08003d46   0x00000002   Code   RO          237    i.PendSV_Handler    stm32f10x_it.o
    0x08003d48   0x08003d48   0x00000020   Code   RO         2763    i.RCC_APB1PeriphClockCmd  stm32f10x_rcc.o
    0x08003d68   0x08003d68   0x00000020   Code   RO         2764    i.RCC_APB1PeriphResetCmd  stm32f10x_rcc.o
    0x08003d88   0x08003d88   0x00000020   Code   RO         2765    i.RCC_APB2PeriphClockCmd  stm32f10x_rcc.o
    0x08003da8   0x08003da8   0x00000020   Code   RO         2766    i.RCC_APB2PeriphResetCmd  stm32f10x_rcc.o
    0x08003dc8   0x08003dc8   0x000000d4   Code   RO         2773    i.RCC_GetClocksFreq  stm32f10x_rcc.o
    0x08003e9c   0x08003e9c   0x000000cc   Code   RO          530    i.R_Test            flash.o
    0x08003f68   0x08003f68   0x00000060   Code   RO          941    i.Read_Byte         dht11.o
    0x08003fc8   0x08003fc8   0x000000a0   Code   RO          942    i.Read_DHT11        dht11.o
    0x08004068   0x08004068   0x000000bc   Code   RO         4117    i.Read_Data         git.o
    0x08004124   0x08004124   0x00000012   Code   RO         4118    i.Reset_Threshole_Value  git.o
    0x08004136   0x08004136   0x00000002   PAD
    0x08004138   0x08004138   0x000003c0   Code   RO         3845    i.RevPro            net.o
    0x080044f8   0x080044f8   0x0000001a   Code   RO          972    i.SMBus_Delay       mlx90614.o
    0x08004512   0x08004512   0x00000002   PAD
    0x08004514   0x08004514   0x00000064   Code   RO          973    i.SMBus_Init        mlx90614.o
    0x08004578   0x08004578   0x000000a6   Code   RO          974    i.SMBus_ReadMemory  mlx90614.o
    0x0800461e   0x0800461e   0x00000002   PAD
    0x08004620   0x08004620   0x00000044   Code   RO          975    i.SMBus_ReadTemp    mlx90614.o
    0x08004664   0x08004664   0x00000048   Code   RO          976    i.SMBus_ReceiveBit  mlx90614.o
    0x080046ac   0x080046ac   0x00000032   Code   RO          977    i.SMBus_ReceiveByte  mlx90614.o
    0x080046de   0x080046de   0x00000002   PAD
    0x080046e0   0x080046e0   0x00000044   Code   RO          978    i.SMBus_SendBit     mlx90614.o
    0x08004724   0x08004724   0x00000030   Code   RO          979    i.SMBus_SendByte    mlx90614.o
    0x08004754   0x08004754   0x00000044   Code   RO          980    i.SMBus_StartBit    mlx90614.o
    0x08004798   0x08004798   0x00000040   Code   RO          981    i.SMBus_StopBit     mlx90614.o
    0x080047d8   0x080047d8   0x00000002   Code   RO          238    i.SVC_Handler       stm32f10x_it.o
    0x080047da   0x080047da   0x00000002   PAD
    0x080047dc   0x080047dc   0x000000a0   Code   RO         3847    i.SendMqtt          net.o
    0x0800487c   0x0800487c   0x0000003c   Code   RO          779    i.Send_Usart2       usart2.o
    0x080048b8   0x080048b8   0x00000008   Code   RO          321    i.SetSysClock       system_stm32f10x.o
    0x080048c0   0x080048c0   0x000000e0   Code   RO          322    i.SetSysClockTo72   system_stm32f10x.o
    0x080049a0   0x080049a0   0x00000058   Code   RO            4    i.SoftWare_Init     main.o
    0x080049f8   0x080049f8   0x000000ea   Code   RO          870    i.StringToHex       ds1302.o
    0x08004ae2   0x08004ae2   0x00000002   PAD
    0x08004ae4   0x08004ae4   0x000000ec   Code   RO         3848    i.Subscribe         net.o
    0x08004bd0   0x08004bd0   0x00000028   Code   RO         1203    i.SysTick_CLKSourceConfig  misc.o
    0x08004bf8   0x08004bf8   0x00000002   Code   RO          239    i.SysTick_Handler   stm32f10x_it.o
    0x08004bfa   0x08004bfa   0x00000002   PAD
    0x08004bfc   0x08004bfc   0x00000030   Code   RO         1046    i.Sys_Restart       delay.o
    0x08004c2c   0x08004c2c   0x00000060   Code   RO          324    i.SystemInit        system_stm32f10x.o
    0x08004c8c   0x08004c8c   0x0000002c   Code   RO          356    i.System_PB34_setIO  led.o
    0x08004cb8   0x08004cb8   0x00000040   Code   RO          531    i.System_ReadInteriorFlash  flash.o
    0x08004cf8   0x08004cf8   0x0000017c   Code   RO          532    i.System_WriteInteriorFlash  flash.o
    0x08004e74   0x08004e74   0x00000174   Code   RO          844    i.TIM3_PWM_Init     sg90.o
    0x08004fe8   0x08004fe8   0x000000cc   Code   RO         4227    i.TIM4_IRQHandler   timer.o
    0x080050b4   0x080050b4   0x00000018   Code   RO         1707    i.TIM_ARRPreloadConfig  stm32f10x_tim.o
    0x080050cc   0x080050cc   0x00000006   Code   RO         1713    i.TIM_ClearFlag     stm32f10x_tim.o
    0x080050d2   0x080050d2   0x00000006   Code   RO         1714    i.TIM_ClearITPendingBit  stm32f10x_tim.o
    0x080050d8   0x080050d8   0x00000018   Code   RO         1719    i.TIM_Cmd           stm32f10x_tim.o
    0x080050f0   0x080050f0   0x0000001e   Code   RO         1721    i.TIM_CtrlPWMOutputs  stm32f10x_tim.o
    0x0800510e   0x0800510e   0x00000002   PAD
    0x08005110   0x08005110   0x000001e8   Code   RO         1724    i.TIM_DeInit        stm32f10x_tim.o
    0x080052f8   0x080052f8   0x00000022   Code   RO         1740    i.TIM_GetITStatus   stm32f10x_tim.o
    0x0800531a   0x0800531a   0x00000012   Code   RO         1744    i.TIM_ITConfig      stm32f10x_tim.o
    0x0800532c   0x0800532c   0x00000098   Code   RO         1748    i.TIM_OC1Init       stm32f10x_tim.o
    0x080053c4   0x080053c4   0x00000012   Code   RO         1751    i.TIM_OC1PreloadConfig  stm32f10x_tim.o
    0x080053d6   0x080053d6   0x00000002   PAD
    0x080053d8   0x080053d8   0x000000a4   Code   RO         1753    i.TIM_OC2Init       stm32f10x_tim.o
    0x0800547c   0x0800547c   0x0000001a   Code   RO         1756    i.TIM_OC2PreloadConfig  stm32f10x_tim.o
    0x08005496   0x08005496   0x00000002   PAD
    0x08005498   0x08005498   0x000000a0   Code   RO         1758    i.TIM_OC3Init       stm32f10x_tim.o
    0x08005538   0x08005538   0x00000012   Code   RO         1761    i.TIM_OC3PreloadConfig  stm32f10x_tim.o
    0x0800554a   0x0800554a   0x00000002   PAD
    0x0800554c   0x0800554c   0x0000007c   Code   RO         1763    i.TIM_OC4Init       stm32f10x_tim.o
    0x080055c8   0x080055c8   0x0000001a   Code   RO         1765    i.TIM_OC4PreloadConfig  stm32f10x_tim.o
    0x080055e2   0x080055e2   0x00000004   Code   RO         1780    i.TIM_SetCompare1   stm32f10x_tim.o
    0x080055e6   0x080055e6   0x00000004   Code   RO         1781    i.TIM_SetCompare2   stm32f10x_tim.o
    0x080055ea   0x080055ea   0x00000004   Code   RO         1782    i.TIM_SetCompare3   stm32f10x_tim.o
    0x080055ee   0x080055ee   0x00000006   Code   RO         1783    i.TIM_SetCompare4   stm32f10x_tim.o
    0x080055f4   0x080055f4   0x000000a4   Code   RO         1790    i.TIM_TimeBaseInit  stm32f10x_tim.o
    0x08005698   0x08005698   0x00000014   Code   RO         4228    i.TimeModule_get    timer.o
    0x080056ac   0x080056ac   0x00000078   Code   RO         1111    i.USART1_IRQHandler  usart.o
    0x08005724   0x08005724   0x0000005c   Code   RO          780    i.USART2_IRQHandler  usart2.o
    0x08005780   0x08005780   0x0000004c   Code   RO         3765    i.USART3_IRQHandler  usart3.o
    0x080057cc   0x080057cc   0x00000012   Code   RO         1349    i.USART_ClearFlag   stm32f10x_usart.o
    0x080057de   0x080057de   0x00000018   Code   RO         1353    i.USART_Cmd         stm32f10x_usart.o
    0x080057f6   0x080057f6   0x0000001a   Code   RO         1356    i.USART_GetFlagStatus  stm32f10x_usart.o
    0x08005810   0x08005810   0x00000054   Code   RO         1357    i.USART_GetITStatus  stm32f10x_usart.o
    0x08005864   0x08005864   0x0000004a   Code   RO         1359    i.USART_ITConfig    stm32f10x_usart.o
    0x080058ae   0x080058ae   0x00000002   PAD
    0x080058b0   0x080058b0   0x000000d8   Code   RO         1360    i.USART_Init        stm32f10x_usart.o
    0x08005988   0x08005988   0x0000000a   Code   RO         1367    i.USART_ReceiveData  stm32f10x_usart.o
    0x08005992   0x08005992   0x00000008   Code   RO         1370    i.USART_SendData    stm32f10x_usart.o
    0x0800599a   0x0800599a   0x00000002   PAD
    0x0800599c   0x0800599c   0x00000068   Code   RO          781    i.Uart2_funtction   usart2.o
    0x08005a04   0x08005a04   0x000001c4   Code   RO         4119    i.Update_device_massage  git.o
    0x08005bc8   0x08005bc8   0x00000298   Code   RO         4120    i.Update_oled_massage  git.o
    0x08005e60   0x08005e60   0x00000004   Code   RO          240    i.UsageFault_Handler  stm32f10x_it.o
    0x08005e64   0x08005e64   0x000000a0   Code   RO         1113    i.Usart1_Init       usart.o
    0x08005f04   0x08005f04   0x00000094   Code   RO          782    i.Usart2_Init       usart2.o
    0x08005f98   0x08005f98   0x000000ac   Code   RO         3766    i.Usart3_Init       usart3.o
    0x08006044   0x08006044   0x00000030   Code   RO         3767    i.Usart3_SendString  usart3.o
    0x08006074   0x08006074   0x0000001e   Code   RO         1115    i.Usart_SendByte    usart.o
    0x08006092   0x08006092   0x00000002   PAD
    0x08006094   0x08006094   0x000000a8   Code   RO          533    i.W_Alarm1_Time     flash.o
    0x0800613c   0x0800613c   0x0000003c   Code   RO          535    i.W_Test            flash.o
    0x08006178   0x08006178   0x00000020   Code   RO         4544    i.__0printf         mc_w.l(printfa.o)
    0x08006198   0x08006198   0x00000028   Code   RO         4546    i.__0sprintf        mc_w.l(printfa.o)
    0x080061c0   0x080061c0   0x00000024   Code   RO         4550    i.__0vsprintf       mc_w.l(printfa.o)
    0x080061e4   0x080061e4   0x00000008   Code   RO         4666    i.__aeabi_errno_addr  mc_w.l(errno.o)
    0x080061ec   0x080061ec   0x0000005c   Code   RO         4576    i.__free$realloc    mc_w.l(mallocr.o)
    0x08006248   0x08006248   0x00000050   Code   RO         4577    i.__malloc$realloc  mc_w.l(mallocr.o)
    0x08006298   0x08006298   0x0000000e   Code   RO         4735    i.__scatterload_copy  mc_w.l(handlers.o)
    0x080062a6   0x080062a6   0x00000002   Code   RO         4736    i.__scatterload_null  mc_w.l(handlers.o)
    0x080062a8   0x080062a8   0x0000000e   Code   RO         4737    i.__scatterload_zeroinit  mc_w.l(handlers.o)
    0x080062b6   0x080062b6   0x00000002   PAD
    0x080062b8   0x080062b8   0x00000184   Code   RO         4551    i._fp_digits        mc_w.l(printfa.o)
    0x0800643c   0x0800643c   0x0000000e   Code   RO         4604    i._is_digit         mc_w.l(scanf_fp.o)
    0x0800644a   0x0800644a   0x00000002   PAD
    0x0800644c   0x0800644c   0x000006dc   Code   RO         4552    i._printf_core      mc_w.l(printfa.o)
    0x08006b28   0x08006b28   0x00000024   Code   RO         4553    i._printf_post_padding  mc_w.l(printfa.o)
    0x08006b4c   0x08006b4c   0x0000002e   Code   RO         4554    i._printf_pre_padding  mc_w.l(printfa.o)
    0x08006b7a   0x08006b7a   0x0000000a   Code   RO         4556    i._sputc            mc_w.l(printfa.o)
    0x08006b84   0x08006b84   0x00000048   Code   RO         3089    i.buffer_skip_whitespace  cjson.o
    0x08006bcc   0x08006bcc   0x00000058   Code   RO         3121    i.cJSON_Delete      cjson.o
    0x08006c24   0x08006c24   0x00000012   Code   RO         3134    i.cJSON_GetObjectItem  cjson.o
    0x08006c36   0x08006c36   0x0000001a   Code   RO         3151    i.cJSON_New_Item    cjson.o
    0x08006c50   0x08006c50   0x00000010   Code   RO         3152    i.cJSON_Parse       cjson.o
    0x08006c60   0x08006c60   0x000000d4   Code   RO         3154    i.cJSON_ParseWithLengthOpts  cjson.o
    0x08006d34   0x08006d34   0x00000028   Code   RO         3155    i.cJSON_ParseWithOpts  cjson.o
    0x08006d5c   0x08006d5c   0x00000048   Code   RO         3170    i.case_insensitive_strcmp  cjson.o
    0x08006da4   0x08006da4   0x00000044   Code   RO         1047    i.delay_init        delay.o
    0x08006de8   0x08006de8   0x0000004c   Code   RO         1048    i.delay_ms          delay.o
    0x08006e34   0x08006e34   0x0000004c   Code   RO         1049    i.delay_us          delay.o
    0x08006e80   0x08006e80   0x00000074   Code   RO         3849    i.drugBuf           net.o
    0x08006ef4   0x08006ef4   0x00000024   Code   RO          871    i.ds1032_DATAINPUT_init  ds1302.o
    0x08006f18   0x08006f18   0x00000034   Code   RO          872    i.ds1032_DATAOUT_init  ds1302.o
    0x08006f4c   0x08006f4c   0x0000001c   Code   RO         1119    i.fputc             usart.o
    0x08006f68   0x08006f68   0x00000004   Code   RO         3176    i.get_decimal_point  cjson.o
    0x08006f6c   0x08006f6c   0x00000052   Code   RO         3177    i.get_object_item   cjson.o
    0x08006fbe   0x08006fbe   0x00000002   PAD
    0x08006fc0   0x08006fc0   0x00000038   Code   RO          634    i.heart_IIC_Ack     heartiic.o
    0x08006ff8   0x08006ff8   0x0000005c   Code   RO          635    i.heart_IIC_Init    heartiic.o
    0x08007054   0x08007054   0x00000038   Code   RO          636    i.heart_IIC_NAck    heartiic.o
    0x0800708c   0x0800708c   0x00000058   Code   RO          637    i.heart_IIC_Read_Byte  heartiic.o
    0x080070e4   0x080070e4   0x00000050   Code   RO          639    i.heart_IIC_Send_Byte  heartiic.o
    0x08007134   0x08007134   0x00000038   Code   RO          640    i.heart_IIC_Start   heartiic.o
    0x0800716c   0x0800716c   0x00000034   Code   RO          641    i.heart_IIC_Stop    heartiic.o
    0x080071a0   0x080071a0   0x0000004c   Code   RO          642    i.heart_IIC_Wait_Ack  heartiic.o
    0x080071ec   0x080071ec   0x00000050   Code   RO         4578    i.internal_alloc    mc_w.l(mallocr.o)
    0x0800723c   0x0800723c   0x0000004c   Code   RO            5    i.main              main.o
    0x08007288   0x08007288   0x00000158   Code   RO         4121    i.massage_parse_json  git.o
    0x080073e0   0x080073e0   0x00000058   Code   RO         4122    i.massage_speak     git.o
    0x08007438   0x08007438   0x00000052   Code   RO          718    i.max30102_Bus_Read  max30102.o
    0x0800748a   0x0800748a   0x00000044   Code   RO          719    i.max30102_Bus_Write  max30102.o
    0x080074ce   0x080074ce   0x00000080   Code   RO          720    i.max30102_FIFO_ReadBytes  max30102.o
    0x0800754e   0x0800754e   0x00000002   PAD
    0x08007550   0x08007550   0x00000084   Code   RO          722    i.max30102_init     max30102.o
    0x080075d4   0x080075d4   0x00000014   Code   RO          723    i.max30102_reset    max30102.o
    0x080075e8   0x080075e8   0x00000042   Code   RO          584    i.maxim_find_peaks  algorithm.o
    0x0800762a   0x0800762a   0x00000002   PAD
    0x0800762c   0x0800762c   0x00000500   Code   RO          585    i.maxim_heart_rate_and_oxygen_saturation  algorithm.o
    0x08007b2c   0x08007b2c   0x0000007a   Code   RO          586    i.maxim_peaks_above_min_height  algorithm.o
    0x08007ba6   0x08007ba6   0x00000072   Code   RO          587    i.maxim_remove_close_peaks  algorithm.o
    0x08007c18   0x08007c18   0x00000036   Code   RO          588    i.maxim_sort_ascend  algorithm.o
    0x08007c4e   0x08007c4e   0x00000040   Code   RO          589    i.maxim_sort_indices_descend  algorithm.o
    0x08007c8e   0x08007c8e   0x000000f8   Code   RO         3179    i.parse_array       cjson.o
    0x08007d86   0x08007d86   0x0000005a   Code   RO         3180    i.parse_hex4        cjson.o
    0x08007de0   0x08007de0   0x00000138   Code   RO         3181    i.parse_number      cjson.o
    0x08007f18   0x08007f18   0x0000013e   Code   RO         3182    i.parse_object      cjson.o
    0x08008056   0x08008056   0x0000018c   Code   RO         3183    i.parse_string      cjson.o
    0x080081e2   0x080081e2   0x00000002   PAD
    0x080081e4   0x080081e4   0x0000013c   Code   RO         3184    i.parse_value       cjson.o
    0x08008320   0x08008320   0x0000006c   Code   RO         4579    i.realloc           mc_w.l(mallocr.o)
    0x0800838c   0x0800838c   0x0000003c   Code   RO         3195    i.skip_utf8_bom     cjson.o
    0x080083c8   0x080083c8   0x0000001c   Code   RO         4281    i.strtod            m_ws.l(strtod.o)
    0x080083e4   0x080083e4   0x0000010c   Code   RO            6    i.task1             main.o
    0x080084f0   0x080084f0   0x0000001c   Code   RO            7    i.task2             main.o
    0x0800850c   0x0800850c   0x00000040   Code   RO            8    i.task3             main.o
    0x0800854c   0x0800854c   0x00000020   Code   RO         4185    i.timer_init        task.o
    0x0800856c   0x0800856c   0x00000040   Code   RO         4186    i.timer_loop        task.o
    0x080085ac   0x080085ac   0x0000002c   Code   RO         4187    i.timer_start       task.o
    0x080085d8   0x080085d8   0x00000024   Code   RO         4188    i.timer_stop        task.o
    0x080085fc   0x080085fc   0x00000010   Code   RO         4189    i.timer_ticks       task.o
    0x0800860c   0x0800860c   0x00000050   Code   RO          783    i.u2_printf         usart2.o
    0x0800865c   0x0800865c   0x0000012c   Code   RO         3198    i.utf16_literal_to_utf8  cjson.o
    0x08008788   0x08008788   0x00000024   Code   RO          536    i.waitForFlashBSY   flash.o
    0x080087ac   0x080087ac   0x000000f6   Data   RO          591    .constdata          algorithm.o
    0x080088a2   0x080088a2   0x00000081   Data   RO         4697    .constdata          mc_w.l(ctype_o.o)
    0x08008923   0x08008923   0x00000001   PAD
    0x08008924   0x08008924   0x00000004   Data   RO         4698    .constdata          mc_w.l(ctype_o.o)
    0x08008928   0x08008928   0x0000001d   Data   RO           10    .conststring        main.o
    0x08008945   0x08008945   0x00000003   PAD
    0x08008948   0x08008948   0x00000021   Data   RO          873    .conststring        ds1302.o
    0x08008969   0x08008969   0x00000003   PAD
    0x0800896c   0x0800896c   0x00000098   Data   RO         3851    .conststring        net.o
    0x08008a04   0x08008a04   0x00000020   Data   RO         4733    Region$$Table       anon$$obj.o


    Execution Region ER_RW (Exec base: 0x20000000, Load base: 0x08008a24, Size: 0x00000afc, Max: 0xffffffff, ABSOLUTE, COMPRESSED[0x0000072c])

    Exec Addr    Load Addr    Size         Type   Attr      Idx    E Section Name        Object

    0x20000000   COMPRESSED   0x0000003c   Data   RW           11    .data               main.o
    0x2000003c   COMPRESSED   0x00000014   Data   RW          325    .data               system_stm32f10x.o
    0x20000050   COMPRESSED   0x00000001   Data   RW          378    .data               key.o
    0x20000051   COMPRESSED   0x00000003   PAD
    0x20000054   COMPRESSED   0x000009cc   Data   RW          419    .data               oled.o
    0x20000a20   COMPRESSED   0x0000002c   Data   RW          538    .data               flash.o
    0x20000a4c   COMPRESSED   0x00000003   Data   RW          785    .data               usart2.o
    0x20000a4f   COMPRESSED   0x00000001   PAD
    0x20000a50   COMPRESSED   0x0000002a   Data   RW          874    .data               ds1302.o
    0x20000a7a   COMPRESSED   0x00000004   Data   RW         1050    .data               delay.o
    0x20000a7e   COMPRESSED   0x00000002   PAD
    0x20000a80   COMPRESSED   0x0000000a   Data   RW         1121    .data               usart.o
    0x20000a8a   COMPRESSED   0x00000014   Data   RW         2793    .data               stm32f10x_rcc.o
    0x20000a9e   COMPRESSED   0x00000002   PAD
    0x20000aa0   COMPRESSED   0x00000014   Data   RW         3200    .data               cjson.o
    0x20000ab4   COMPRESSED   0x00000004   Data   RW         3769    .data               usart3.o
    0x20000ab8   COMPRESSED   0x00000004   Data   RW         3852    .data               net.o
    0x20000abc   COMPRESSED   0x00000019   Data   RW         4124    .data               git.o
    0x20000ad5   COMPRESSED   0x00000003   PAD
    0x20000ad8   COMPRESSED   0x00000008   Data   RW         4190    .data               task.o
    0x20000ae0   COMPRESSED   0x0000000d   Data   RW         4230    .data               timer.o
    0x20000aed   COMPRESSED   0x00000003   PAD
    0x20000af0   COMPRESSED   0x00000004   Data   RW         4664    .data               mc_w.l(mvars.o)
    0x20000af4   COMPRESSED   0x00000004   Data   RW         4665    .data               mc_w.l(mvars.o)
    0x20000af8   COMPRESSED   0x00000004   Data   RW         4669    .data               mc_w.l(errno.o)


    Execution Region ER_ZI (Exec base: 0x20000afc, Load base: 0x08009150, Size: 0x000063c4, Max: 0xffffffff, ABSOLUTE)

    Exec Addr    Load Addr    Size         Type   Attr      Idx    E Section Name        Object

    0x20000afc        -       0x00001804   Zero   RW            9    .bss                main.o
    0x20002300        -       0x00000800   Zero   RW          537    .bss                flash.o
    0x20002b00        -       0x00001760   Zero   RW          590    .bss                algorithm.o
    0x20004260        -       0x00000a00   Zero   RW          784    .bss                usart2.o
    0x20004c60        -       0x000000c8   Zero   RW         1120    .bss                usart.o
    0x20004d28        -       0x00000964   Zero   RW         3768    .bss                usart3.o
    0x2000568c        -       0x00000830   Zero   RW         4123    .bss                git.o
    0x20005ebc   0x08009150   0x00000004   PAD
    0x20005ec0        -       0x00000c00   Zero   RW         1193    HEAP                startup_stm32f10x_hd.o
    0x20006ac0        -       0x00000400   Zero   RW         1192    STACK               startup_stm32f10x_hd.o


==============================================================================

Image component sizes


      Code (inc. data)   RO Data    RW Data    ZI Data      Debug   Object Name

      1700         30        246          0       5984       7893   algorithm.o
      2670         66          0         20          0      18349   cjson.o
       268         36          0          4          0      17664   delay.o
       372         28          0          0          0       3281   dht11.o
      1366         84         33         42          0       8576   ds1302.o
       912        136          0         44       2048       5965   flash.o
      2926        570          0         25       2096      10880   git.o
       640         80          0          0          0       5882   heartiic.o
       224         12          0          1          0       1273   key.o
       100         18          0          0          0       1059   led.o
      1984        440         29         60       6148     267332   main.o
       430          4          0          0          0       3832   max30102.o
       172         22          0          0          0       2257   misc.o
       916         58          0          0          0       8178   mlx90614.o
      2934         34          0          0          0      20849   mqttkit.o
      2736       1180        152          4          0       7256   net.o
       942         38          0       2508          0       7317   oled.o
       372         12          0          0          0        880   sg90.o
        36          8        304          0       4096        824   startup_stm32f10x_hd.o
       448          6          0          0          0       4806   stm32f10x_gpio.o
        26          0          0          0          0       4162   stm32f10x_it.o
       340         44          0         20          0       5932   stm32f10x_rcc.o
      1500        156          0          0          0      14491   stm32f10x_tim.o
       460          6          0          0          0       7191   stm32f10x_usart.o
         0          0          0          0          0         32   sys.o
       328         28          0         20          0       2337   system_stm32f10x.o
       192         28          0          8          0       3611   task.o
       586         48          0         13          0       4943   timer.o
       338         32          0         10        200       4642   usart.o
       526         98          0          3       2560       5614   usart2.o
      1068        334          0          4       2404       7195   usart3.o

    ----------------------------------------------------------------------
     27560       3636        802       2800      25540     464503   Object Totals
         0          0         32          0          0          0   (incl. Generated)
        48          0          6         14          4          0   (incl. Padding)

    ----------------------------------------------------------------------

      Code (inc. data)   RO Data    RW Data    ZI Data      Debug   Library Member Name

        28          0          0          0          0         80   strtod.o
        86          0          0          0          0          0   __dczerorl2.o
        28          0          0          0          0         68   _chval.o
        64          0          0          0          0         84   _sgetc.o
       158          0          0          0          0         92   _strtoul.o
        26          0          0          0          0         80   atoi.o
         8          4        133          0          0         68   ctype_o.o
         0          0          0          0          0          0   entry.o
         0          0          0          0          0          0   entry10a.o
         0          0          0          0          0          0   entry11a.o
         8          4          0          0          0          0   entry2.o
         4          0          0          0          0          0   entry5.o
         0          0          0          0          0          0   entry7b.o
         0          0          0          0          0          0   entry8b.o
         8          4          0          0          0          0   entry9a.o
         8          4          0          4          0         68   errno.o
        30          0          0          0          0          0   handlers.o
        36          8          0          0          0         68   init.o
        18          0          0          0          0         76   isspace_o.o
         0          0          0          0          0          0   iusefp.o
        30          0          0          0          0         68   llshl.o
        36          0          0          0          0         68   llsshr.o
        32          0          0          0          0         68   llushr.o
       360         30          0          0          0        356   mallocr.o
        36          0          0          0          0         68   memcpya.o
        36          0          0          0          0        108   memseta.o
         0          0          0          8          0          0   mvars.o
      2344        102          0          0          0        684   printfa.o
       878         12          0          0          0        216   scanf_fp.o
        24          0          0          0          0         68   strcat.o
        20          0          0          0          0         68   strchr.o
        28          0          0          0          0         76   strcmp.o
        14          0          0          0          0         68   strlen.o
        40          0          0          0          0         76   strncat.o
        30          0          0          0          0         80   strncmp.o
        36          0          0          0          0         80   strstr.o
       156         12          0          0          0        120   strtod.o
       112          0          0          0          0         88   strtol.o
        12          0          0          0          0         68   tolower.o
        44          0          0          0          0         80   uidiv.o
        98          0          0          0          0         92   uldiv.o
        48          0          0          0          0         68   cdcmple.o
        48          0          0          0          0         68   cdrcmple.o
        56          0          0          0          0         88   d2f.o
       334          0          0          0          0        148   dadd.o
       222          0          0          0          0        100   ddiv.o
       186          0          0          0          0        176   depilogue.o
        62          0          0          0          0         80   dfixi.o
        48          0          0          0          0         68   dfixul.o
        34          0          0          0          0         76   dflti.o
        26          0          0          0          0         76   dfltui.o
        24          0          0          0          0         76   dfltul.o
       228          0          0          0          0         96   dmul.o
        38          0          0          0          0         68   f2d.o
       176          0          0          0          0        140   fadd.o
       124          0          0          0          0         88   fdiv.o
       110          0          0          0          0        168   fepilogue.o
        50          0          0          0          0         68   ffixi.o
        40          0          0          0          0         68   ffixui.o
        18          0          0          0          0         68   fflti.o
        10          0          0          0          0         68   ffltui.o
       100          0          0          0          0         76   fmul.o

    ----------------------------------------------------------------------
      6868        180        134         12          0       5216   Library Totals
        10          0          1          0          0          0   (incl. Padding)

    ----------------------------------------------------------------------

      Code (inc. data)   RO Data    RW Data    ZI Data      Debug   Library Name

        28          0          0          0          0         80   m_ws.l
      4848        180        133         12          0       3204   mc_w.l
      1982          0          0          0          0       1932   mf_w.l

    ----------------------------------------------------------------------
      6868        180        134         12          0       5216   Library Totals

    ----------------------------------------------------------------------

==============================================================================


      Code (inc. data)   RO Data    RW Data    ZI Data      Debug   

     34428       3816        936       2812      25540     455859   Grand Totals
     34428       3816        936       1836      25540     455859   ELF Image Totals (compressed)
     34428       3816        936       1836          0          0   ROM Totals

==============================================================================

    Total RO  Size (Code + RO Data)                35364 (  34.54kB)
    Total RW  Size (RW Data + ZI Data)             28352 (  27.69kB)
    Total ROM Size (Code + RO Data + RW Data)      37200 (  36.33kB)

==============================================================================

